Archive member included to satisfy reference by file (symbol)

d:/st/stm32cubeide_1.1.0/stm32cubeide/plugins/com.st.stm32cube.ide.mcu.externaltools.gnu-tools-for-stm32.7-2018-q2-update.win32_1.0.0.201904181610/tools/bin/../lib/gcc/arm-none-eabi/7.3.1/../../../../arm-none-eabi/lib/thumb/v7e-m/fpv4-sp/hard\libc_nano.a(lib_a-errno.o)
                              Core/Src/syscalls.o (__errno)
d:/st/stm32cubeide_1.1.0/stm32cubeide/plugins/com.st.stm32cube.ide.mcu.externaltools.gnu-tools-for-stm32.7-2018-q2-update.win32_1.0.0.201904181610/tools/bin/../lib/gcc/arm-none-eabi/7.3.1/../../../../arm-none-eabi/lib/thumb/v7e-m/fpv4-sp/hard\libc_nano.a(lib_a-exit.o)
                              d:/st/stm32cubeide_1.1.0/stm32cubeide/plugins/com.st.stm32cube.ide.mcu.externaltools.gnu-tools-for-stm32.7-2018-q2-update.win32_1.0.0.201904181610/tools/bin/../lib/gcc/arm-none-eabi/7.3.1/../../../../arm-none-eabi/lib/thumb/v7e-m/fpv4-sp/hard/crt0.o (exit)
d:/st/stm32cubeide_1.1.0/stm32cubeide/plugins/com.st.stm32cube.ide.mcu.externaltools.gnu-tools-for-stm32.7-2018-q2-update.win32_1.0.0.201904181610/tools/bin/../lib/gcc/arm-none-eabi/7.3.1/../../../../arm-none-eabi/lib/thumb/v7e-m/fpv4-sp/hard\libc_nano.a(lib_a-impure.o)
                              d:/st/stm32cubeide_1.1.0/stm32cubeide/plugins/com.st.stm32cube.ide.mcu.externaltools.gnu-tools-for-stm32.7-2018-q2-update.win32_1.0.0.201904181610/tools/bin/../lib/gcc/arm-none-eabi/7.3.1/../../../../arm-none-eabi/lib/thumb/v7e-m/fpv4-sp/hard\libc_nano.a(lib_a-exit.o) (_global_impure_ptr)
d:/st/stm32cubeide_1.1.0/stm32cubeide/plugins/com.st.stm32cube.ide.mcu.externaltools.gnu-tools-for-stm32.7-2018-q2-update.win32_1.0.0.201904181610/tools/bin/../lib/gcc/arm-none-eabi/7.3.1/../../../../arm-none-eabi/lib/thumb/v7e-m/fpv4-sp/hard\libc_nano.a(lib_a-init.o)
                              d:/st/stm32cubeide_1.1.0/stm32cubeide/plugins/com.st.stm32cube.ide.mcu.externaltools.gnu-tools-for-stm32.7-2018-q2-update.win32_1.0.0.201904181610/tools/bin/../lib/gcc/arm-none-eabi/7.3.1/../../../../arm-none-eabi/lib/thumb/v7e-m/fpv4-sp/hard/crt0.o (__libc_init_array)
d:/st/stm32cubeide_1.1.0/stm32cubeide/plugins/com.st.stm32cube.ide.mcu.externaltools.gnu-tools-for-stm32.7-2018-q2-update.win32_1.0.0.201904181610/tools/bin/../lib/gcc/arm-none-eabi/7.3.1/../../../../arm-none-eabi/lib/thumb/v7e-m/fpv4-sp/hard\libc_nano.a(lib_a-memset.o)
                              d:/st/stm32cubeide_1.1.0/stm32cubeide/plugins/com.st.stm32cube.ide.mcu.externaltools.gnu-tools-for-stm32.7-2018-q2-update.win32_1.0.0.201904181610/tools/bin/../lib/gcc/arm-none-eabi/7.3.1/../../../../arm-none-eabi/lib/thumb/v7e-m/fpv4-sp/hard/crt0.o (memset)
d:/st/stm32cubeide_1.1.0/stm32cubeide/plugins/com.st.stm32cube.ide.mcu.externaltools.gnu-tools-for-stm32.7-2018-q2-update.win32_1.0.0.201904181610/tools/bin/../lib/gcc/arm-none-eabi/7.3.1/../../../../arm-none-eabi/lib/thumb/v7e-m/fpv4-sp/hard\libc_nano.a(lib_a-strlen.o)
                              Core/Src/main.o (strlen)
d:/st/stm32cubeide_1.1.0/stm32cubeide/plugins/com.st.stm32cube.ide.mcu.externaltools.gnu-tools-for-stm32.7-2018-q2-update.win32_1.0.0.201904181610/tools/bin/../lib/gcc/arm-none-eabi/7.3.1/thumb/v7e-m/fpv4-sp/hard\libgcc.a(_arm_addsubdf3.o)
                              Core/Src/main.o (__aeabi_dadd)
d:/st/stm32cubeide_1.1.0/stm32cubeide/plugins/com.st.stm32cube.ide.mcu.externaltools.gnu-tools-for-stm32.7-2018-q2-update.win32_1.0.0.201904181610/tools/bin/../lib/gcc/arm-none-eabi/7.3.1/thumb/v7e-m/fpv4-sp/hard\libgcc.a(_arm_muldivdf3.o)
                              Core/Src/main.o (__aeabi_dmul)
d:/st/stm32cubeide_1.1.0/stm32cubeide/plugins/com.st.stm32cube.ide.mcu.externaltools.gnu-tools-for-stm32.7-2018-q2-update.win32_1.0.0.201904181610/tools/bin/../lib/gcc/arm-none-eabi/7.3.1/thumb/v7e-m/fpv4-sp/hard\libgcc.a(_aeabi_uldivmod.o)
                              Drivers/STM32F4xx_HAL_Driver/Src/stm32f4xx_hal_rcc.o (__aeabi_uldivmod)
d:/st/stm32cubeide_1.1.0/stm32cubeide/plugins/com.st.stm32cube.ide.mcu.externaltools.gnu-tools-for-stm32.7-2018-q2-update.win32_1.0.0.201904181610/tools/bin/../lib/gcc/arm-none-eabi/7.3.1/thumb/v7e-m/fpv4-sp/hard\libgcc.a(_divdc3.o)
                              Core/Src/main.o (__divdc3)
d:/st/stm32cubeide_1.1.0/stm32cubeide/plugins/com.st.stm32cube.ide.mcu.externaltools.gnu-tools-for-stm32.7-2018-q2-update.win32_1.0.0.201904181610/tools/bin/../lib/gcc/arm-none-eabi/7.3.1/thumb/v7e-m/fpv4-sp/hard\libgcc.a(_udivmoddi4.o)
                              d:/st/stm32cubeide_1.1.0/stm32cubeide/plugins/com.st.stm32cube.ide.mcu.externaltools.gnu-tools-for-stm32.7-2018-q2-update.win32_1.0.0.201904181610/tools/bin/../lib/gcc/arm-none-eabi/7.3.1/thumb/v7e-m/fpv4-sp/hard\libgcc.a(_aeabi_uldivmod.o) (__udivmoddi4)
d:/st/stm32cubeide_1.1.0/stm32cubeide/plugins/com.st.stm32cube.ide.mcu.externaltools.gnu-tools-for-stm32.7-2018-q2-update.win32_1.0.0.201904181610/tools/bin/../lib/gcc/arm-none-eabi/7.3.1/thumb/v7e-m/fpv4-sp/hard\libgcc.a(_dvmd_tls.o)
[...]
Memory Configuration

Name             Origin             Length             Attributes
RAM              0x0000000020000000 0x0000000000040000 xrw
FLASH            0x0000000008000000 0x0000000000100000 xr
*default*        0x0000000000000000 0xffffffffffffffff

Linker script and memory map

LOAD d:/st/stm32cubeide_1.1.0/stm32cubeide/plugins/com.st.stm32cube.ide.mcu.externaltools.gnu-tools-for-stm32.7-2018-q2-update.win32_1.0.0.201904181610/tools/bin/../lib/gcc/arm-none-eabi/7.3.1/thumb/v7e-m/fpv4-sp/hard/crti.o
LOAD d:/st/stm32cubeide_1.1.0/stm32cubeide/plugins/com.st.stm32cube.ide.mcu.externaltools.gnu-tools-for-stm32.7-2018-q2-update.win32_1.0.0.201904181610/tools/bin/../lib/gcc/arm-none-eabi/7.3.1/thumb/v7e-m/fpv4-sp/hard/crtbegin.o
LOAD d:/st/stm32cubeide_1.1.0/stm32cubeide/plugins/com.st.stm32cube.ide.mcu.externaltools.gnu-tools-for-stm32.7-2018-q2-update.win32_1.0.0.201904181610/tools/bin/../lib/gcc/arm-none-eabi/7.3.1/../../../../arm-none-eabi/lib/thumb/v7e-m/fpv4-sp/hard/crt0.o
LOAD Core/Src/main.o
LOAD Core/Src/stm32f4xx_hal_msp.o
LOAD Core/Src/stm32f4xx_it.o
LOAD Core/Src/syscalls.o
LOAD Core/Src/sysmem.o
LOAD Core/Src/system_stm32f4xx.o
LOAD Core/Startup/startup_stm32f412zgtx.o
LOAD Drivers/STM32F4xx_HAL_Driver/Src/stm32f4xx_hal.o
LOAD Drivers/STM32F4xx_HAL_Driver/Src/stm32f4xx_hal_cortex.o
LOAD Drivers/STM32F4xx_HAL_Driver/Src/stm32f4xx_hal_dma.o
LOAD Drivers/STM32F4xx_HAL_Driver/Src/stm32f4xx_hal_dma_ex.o
LOAD Drivers/STM32F4xx_HAL_Driver/Src/stm32f4xx_hal_exti.o
LOAD Drivers/STM32F4xx_HAL_Driver/Src/stm32f4xx_hal_flash.o
LOAD Drivers/STM32F4xx_HAL_Driver/Src/stm32f4xx_hal_flash_ex.o
LOAD Drivers/STM32F4xx_HAL_Driver/Src/stm32f4xx_hal_flash_ramfunc.o
LOAD Drivers/STM32F4xx_HAL_Driver/Src/stm32f4xx_hal_gpio.o
LOAD Drivers/STM32F4xx_HAL_Driver/Src/stm32f4xx_hal_pcd.o
LOAD Drivers/STM32F4xx_HAL_Driver/Src/stm32f4xx_hal_pcd_ex.o
LOAD Drivers/STM32F4xx_HAL_Driver/Src/stm32f4xx_hal_pwr.o
LOAD Drivers/STM32F4xx_HAL_Driver/Src/stm32f4xx_hal_pwr_ex.o
LOAD Drivers/STM32F4xx_HAL_Driver/Src/stm32f4xx_hal_rcc.o
LOAD Drivers/STM32F4xx_HAL_Driver/Src/stm32f4xx_hal_rcc_ex.o
LOAD Drivers/STM32F4xx_HAL_Driver/Src/stm32f4xx_hal_tim.o
LOAD Drivers/STM32F4xx_HAL_Driver/Src/stm32f4xx_hal_tim_ex.o
LOAD Drivers/STM32F4xx_HAL_Driver/Src/stm32f4xx_hal_uart.o
LOAD Drivers/STM32F4xx_HAL_Driver/Src/stm32f4xx_ll_usb.o
START GROUP
LOAD d:/st/stm32cubeide_1.1.0/stm32cubeide/plugins/com.st.stm32cube.ide.mcu.externaltools.gnu-tools-for-stm32.7-2018-q2-update.win32_1.0.0.201904181610/tools/bin/../lib/gcc/arm-none-eabi/7.3.1/../../../../arm-none-eabi/lib/thumb/v7e-m/fpv4-sp/hard\libc_nano.a
LOAD d:/st/stm32cubeide_1.1.0/stm32cubeide/plugins/com.st.stm32cube.ide.mcu.externaltools.gnu-tools-for-stm32.7-2018-q2-update.win32_1.0.0.201904181610/tools/bin/../lib/gcc/arm-none-eabi/7.3.1/../../../../arm-none-eabi/lib/thumb/v7e-m/fpv4-sp/hard\libm.a
END GROUP
START GROUP
LOAD d:/st/stm32cubeide_1.1.0/stm32cubeide/plugins/com.st.stm32cube.ide.mcu.externaltools.gnu-tools-for-stm32.7-2018-q2-update.win32_1.0.0.201904181610/tools/bin/../lib/gcc/arm-none-eabi/7.3.1/thumb/v7e-m/fpv4-sp/hard\libgcc.a
LOAD d:/st/stm32cubeide_1.1.0/stm32cubeide/plugins/com.st.stm32cube.ide.mcu.externaltools.gnu-tools-for-stm32.7-2018-q2-update.win32_1.0.0.201904181610/tools/bin/../lib/gcc/arm-none-eabi/7.3.1/../../../../arm-none-eabi/lib/thumb/v7e-m/fpv4-sp/hard\libc_nano.a
END GROUP
START GROUP
LOAD d:/st/stm32cubeide_1.1.0/stm32cubeide/plugins/com.st.stm32cube.ide.mcu.externaltools.gnu-tools-for-stm32.7-2018-q2-update.win32_1.0.0.201904181610/tools/bin/../lib/gcc/arm-none-eabi/7.3.1/thumb/v7e-m/fpv4-sp/hard\libgcc.a
LOAD d:/st/stm32cubeide_1.1.0/stm32cubeide/plugins/com.st.stm32cube.ide.mcu.externaltools.gnu-tools-for-stm32.7-2018-q2-update.win32_1.0.0.201904181610/tools/bin/../lib/gcc/arm-none-eabi/7.3.1/../../../../arm-none-eabi/lib/thumb/v7e-m/fpv4-sp/hard\libc_nano.a
LOAD d:/st/stm32cubeide_1.1.0/stm32cubeide/plugins/com.st.stm32cube.ide.mcu.externaltools.gnu-tools-for-stm32.7-2018-q2-update.win32_1.0.0.201904181610/tools/bin/../lib/gcc/arm-none-eabi/7.3.1/../../../../arm-none-eabi/lib/thumb/v7e-m/fpv4-sp/hard\libnosys.a
END GROUP
START GROUP
LOAD d:/st/stm32cubeide_1.1.0/stm32cubeide/plugins/com.st.stm32cube.ide.mcu.externaltools.gnu-tools-for-stm32.7-2018-q2-update.win32_1.0.0.201904181610/tools/bin/../lib/gcc/arm-none-eabi/7.3.1/thumb/v7e-m/fpv4-sp/hard\libgcc.a
LOAD d:/st/stm32cubeide_1.1.0/stm32cubeide/plugins/com.st.stm32cube.ide.mcu.externaltools.gnu-tools-for-stm32.7-2018-q2-update.win32_1.0.0.201904181610/tools/bin/../lib/gcc/arm-none-eabi/7.3.1/../../../../arm-none-eabi/lib/thumb/v7e-m/fpv4-sp/hard\libc_nano.a
LOAD d:/st/stm32cubeide_1.1.0/stm32cubeide/plugins/com.st.stm32cube.ide.mcu.externaltools.gnu-tools-for-stm32.7-2018-q2-update.win32_1.0.0.201904181610/tools/bin/../lib/gcc/arm-none-eabi/7.3.1/../../../../arm-none-eabi/lib/thumb/v7e-m/fpv4-sp/hard\libnosys.a
END GROUP
LOAD d:/st/stm32cubeide_1.1.0/stm32cubeide/plugins/com.st.stm32cube.ide.mcu.externaltools.gnu-tools-for-stm32.7-2018-q2-update.win32_1.0.0.201904181610/tools/bin/../lib/gcc/arm-none-eabi/7.3.1/thumb/v7e-m/fpv4-sp/hard/crtend.o
LOAD d:/st/stm32cubeide_1.1.0/stm32cubeide/plugins/com.st.stm32cube.ide.mcu.externaltools.gnu-tools-for-stm32.7-2018-q2-update.win32_1.0.0.201904181610/tools/bin/../lib/gcc/arm-none-eabi/7.3.1/thumb/v7e-m/fpv4-sp/hard/crtn.o
                0x0000000020040000                _estack = (ORIGIN (RAM) + LENGTH (RAM))
                0x0000000000000200                _Min_Heap_Size = 0x200
                0x0000000000000400                _Min_Stack_Size = 0x400

.isr_vector     0x0000000008000000      0x1c4
                0x0000000008000000                . = ALIGN (0x4)
 *(.isr_vector)
 .isr_vector    0x0000000008000000      0x1c4 Core/Startup/startup_stm32f412zgtx.o
                0x0000000008000000                g_pfnVectors
                0x00000000080001c4                . = ALIGN (0x4)

.text           0x00000000080001c8     0x3f44
                0x00000000080001c8                . = ALIGN (0x4)
 *(.text)
 .text          0x00000000080001c8       0x40 d:/st/stm32cubeide_1.1.0/stm32cubeide/plugins/com.st.stm32cube.ide.mcu.externaltools.gnu-tools-for-stm32.7-2018-q2-update.win32_1.0.0.201904181610/tools/bin/../lib/gcc/arm-none-eabi/7.3.1/thumb/v7e-m/fpv4-sp/hard/crtbegin.o
 .text          0x0000000008000208       0x10 d:/st/stm32cubeide_1.1.0/stm32cubeide/plugins/com.st.stm32cube.ide.mcu.externaltools.gnu-tools-for-stm32.7-2018-q2-update.win32_1.0.0.201904181610/tools/bin/../lib/gcc/arm-none-eabi/7.3.1/../../../../arm-none-eabi/lib/thumb/v7e-m/fpv4-sp/hard\libc_nano.a(lib_a-strlen.o)
                0x0000000008000208                strlen
 .text          0x0000000008000218      0x378 d:/st/stm32cubeide_1.1.0/stm32cubeide/plugins/com.st.stm32cube.ide.mcu.externaltools.gnu-tools-for-stm32.7-2018-q2-update.win32_1.0.0.201904181610/tools/bin/../lib/gcc/arm-none-eabi/7.3.1/thumb/v7e-m/fpv4-sp/hard\libgcc.a(_arm_addsubdf3.o)
                0x0000000008000218                __aeabi_drsub
                0x0000000008000220                __aeabi_dsub
                0x0000000008000220                __subdf3
                0x0000000008000224                __aeabi_dadd
                0x0000000008000224                __adddf3
                0x000000000800049c                __floatunsidf
                0x000000000800049c                __aeabi_ui2d
                0x00000000080004bc                __floatsidf
                0x00000000080004bc                __aeabi_i2d
                0x00000000080004e0                __aeabi_f2d
                0x00000000080004e0                __extendsfdf2
                0x0000000008000524                __floatundidf
                0x0000000008000524                __aeabi_ul2d
                0x0000000008000534                __floatdidf
                0x0000000008000534                __aeabi_l2d
 .text          0x0000000008000590      0x424 d:/st/stm32cubeide_1.1.0/stm32cubeide/plugins/com.st.stm32cube.ide.mcu.externaltools.gnu-tools-for-stm32.7-2018-q2-update.win32_1.0.0.201904181610/tools/bin/../lib/gcc/arm-none-eabi/7.3.1/thumb/v7e-m/fpv4-sp/hard\libgcc.a(_arm_muldivdf3.o)
                0x0000000008000590                __aeabi_dmul
                0x0000000008000590                __muldf3
                0x00000000080007e4                __divdf3
                0x00000000080007e4                __aeabi_ddiv
 .text          0x00000000080009b4       0x30 d:/st/stm32cubeide_1.1.0/stm32cubeide/plugins/com.st.stm32cube.ide.mcu.externaltools.gnu-tools-for-stm32.7-2018-q2-update.win32_1.0.0.201904181610/tools/bin/../lib/gcc/arm-none-eabi/7.3.1/thumb/v7e-m/fpv4-sp/hard\libgcc.a(_aeabi_uldivmod.o)
                0x00000000080009b4                __aeabi_uldivmod
 .text          0x00000000080009e4      0x578 d:/st/stm32cubeide_1.1.0/stm32cubeide/plugins/com.st.stm32cube.ide.mcu.externaltools.gnu-tools-for-stm32.7-2018-q2-update.win32_1.0.0.201904181610/tools/bin/../lib/gcc/arm-none-eabi/7.3.1/thumb/v7e-m/fpv4-sp/hard\libgcc.a(_divdc3.o)
                0x00000000080009e4                __divdc3
 .text          0x0000000008000f5c      0x2cc d:/st/stm32cubeide_1.1.0/stm32cubeide/plugins/com.st.stm32cube.ide.mcu.externaltools.gnu-tools-for-stm32.7-2018-q2-update.win32_1.0.0.201904181610/tools/bin/../lib/gcc/arm-none-eabi/7.3.1/thumb/v7e-m/fpv4-sp/hard\libgcc.a(_udivmoddi4.o)
                0x0000000008000f5c                __udivmoddi4
 .text          0x0000000008001228        0x4 d:/st/stm32cubeide_1.1.0/stm32cubeide/plugins/com.st.stm32cube.ide.mcu.externaltools.gnu-tools-for-stm32.7-2018-q2-update.win32_1.0.0.201904181610/tools/bin/../lib/gcc/arm-none-eabi/7.3.1/thumb/v7e-m/fpv4-sp/hard\libgcc.a(_dvmd_tls.o)
                0x0000000008001228                __aeabi_idiv0
                0x0000000008001228                __aeabi_ldiv0
 .text          0x000000000800122c      0x110 d:/st/stm32cubeide_1.1.0/stm32cubeide/plugins/com.st.stm32cube.ide.mcu.externaltools.gnu-tools-for-stm32.7-2018-q2-update.win32_1.0.0.201904181610/tools/bin/../lib/gcc/arm-none-eabi/7.3.1/thumb/v7e-m/fpv4-sp/hard\libgcc.a(_arm_cmpdf2.o)
                0x000000000800122c                __gtdf2
                0x000000000800122c                __gedf2
                0x0000000008001234                __ltdf2
                0x0000000008001234                __ledf2
                0x000000000800123c                __nedf2
                0x000000000800123c                __eqdf2
                0x000000000800123c                __cmpdf2
                0x00000000080012b8                __aeabi_cdrcmple
                0x00000000080012c8                __aeabi_cdcmpeq
                0x00000000080012c8                __aeabi_cdcmple
                0x00000000080012d8                __aeabi_dcmpeq
                0x00000000080012ec                __aeabi_dcmplt
                0x0000000008001300                __aeabi_dcmple
                0x0000000008001314                __aeabi_dcmpge
                0x0000000008001328                __aeabi_dcmpgt
 *(.text*)
 .text.MenuHandler
                0x000000000800133c       0x88 Core/Src/main.o
                0x000000000800133c                MenuHandler
 .text.AffHandler
                0x00000000080013c4       0x48 Core/Src/main.o
                0x00000000080013c4                AffHandler
 .text.RegHandler
                0x000000000800140c       0x40 Core/Src/main.o
                0x000000000800140c                RegHandler
 .text.Reg_FreqHandler
                0x000000000800144c       0x50 Core/Src/main.o
                0x000000000800144c                Reg_FreqHandler
 .text.Autres_RegHandler
                0x000000000800149c       0x22 Core/Src/main.o
                0x000000000800149c                Autres_RegHandler
 *fill*         0x00000000080014be        0x2 
 .text.Choix_Calib_ConfirmHandler
                0x00000000080014c0       0x64 Core/Src/main.o
                0x00000000080014c0                Choix_Calib_ConfirmHandler
 .text.Calib_ConfirmHandler
                0x0000000008001524       0x40 Core/Src/main.o
                0x0000000008001524                Calib_ConfirmHandler
 *fill*         0x0000000008001564        0x4 
 .text.main     0x0000000008001568      0x31c Core/Src/main.o
                0x0000000008001568                main
 .text.SystemClock_Config
                0x0000000008001884      0x108 Core/Src/main.o
                0x0000000008001884                SystemClock_Config
 .text.MX_USART3_UART_Init
                0x000000000800198c       0x54 Core/Src/main.o
 .text.MX_USB_OTG_FS_PCD_Init
                0x00000000080019e0       0x60 Core/Src/main.o
 .text.MX_GPIO_Init
                0x0000000008001a40      0x178 Core/Src/main.o
 .text.Read_Event
                0x0000000008001bb8       0x60 Core/Src/main.o
                0x0000000008001bb8                Read_Event
 .text.Error_Handler
                0x0000000008001c18        0xe Core/Src/main.o
                0x0000000008001c18                Error_Handler
 *fill*         0x0000000008001c26        0x2 
 .text.HAL_MspInit
                0x0000000008001c28       0x50 Core/Src/stm32f4xx_hal_msp.o
                0x0000000008001c28                HAL_MspInit
 .text.HAL_UART_MspInit
                0x0000000008001c78       0x90 Core/Src/stm32f4xx_hal_msp.o
                0x0000000008001c78                HAL_UART_MspInit
 .text.HAL_PCD_MspInit
                0x0000000008001d08       0xb4 Core/Src/stm32f4xx_hal_msp.o
                0x0000000008001d08                HAL_PCD_MspInit
 .text.NMI_Handler
                0x0000000008001dbc        0xe Core/Src/stm32f4xx_it.o
                0x0000000008001dbc                NMI_Handler
 .text.HardFault_Handler
                0x0000000008001dca        0x6 Core/Src/stm32f4xx_it.o
                0x0000000008001dca                HardFault_Handler
 .text.MemManage_Handler
                0x0000000008001dd0        0x6 Core/Src/stm32f4xx_it.o
                0x0000000008001dd0                MemManage_Handler
 .text.BusFault_Handler
                0x0000000008001dd6        0x6 Core/Src/stm32f4xx_it.o
                0x0000000008001dd6                BusFault_Handler
 .text.UsageFault_Handler
                0x0000000008001ddc        0x6 Core/Src/stm32f4xx_it.o
                0x0000000008001ddc                UsageFault_Handler
 .text.SVC_Handler
                0x0000000008001de2        0xe Core/Src/stm32f4xx_it.o
                0x0000000008001de2                SVC_Handler
 .text.DebugMon_Handler
                0x0000000008001df0        0xe Core/Src/stm32f4xx_it.o
                0x0000000008001df0                DebugMon_Handler
 .text.PendSV_Handler
                0x0000000008001dfe        0xe Core/Src/stm32f4xx_it.o
                0x0000000008001dfe                PendSV_Handler
 .text.SysTick_Handler
                0x0000000008001e0c        0xc Core/Src/stm32f4xx_it.o
                0x0000000008001e0c                SysTick_Handler
 .text.SystemInit
                0x0000000008001e18       0x2c Core/Src/system_stm32f4xx.o
                0x0000000008001e18                SystemInit
 .text.Reset_Handler
                0x0000000008001e44       0x50 Core/Startup/startup_stm32f412zgtx.o
                0x0000000008001e44                Reset_Handler
 .text.Default_Handler
                0x0000000008001e94        0x2 Core/Startup/startup_stm32f412zgtx.o
                0x0000000008001e94                RTC_Alarm_IRQHandler
                0x0000000008001e94                EXTI2_IRQHandler
                0x0000000008001e94                TIM8_CC_IRQHandler
                0x0000000008001e94                FMPI2C1_EV_IRQHandler
                0x0000000008001e94                SPI4_IRQHandler
                0x0000000008001e94                TIM1_CC_IRQHandler
                0x0000000008001e94                DMA2_Stream5_IRQHandler
                0x0000000008001e94                DMA1_Stream5_IRQHandler
                0x0000000008001e94                TIM6_IRQHandler
                0x0000000008001e94                PVD_IRQHandler
                0x0000000008001e94                SDIO_IRQHandler
                0x0000000008001e94                TAMP_STAMP_IRQHandler
                0x0000000008001e94                CAN2_RX1_IRQHandler
                0x0000000008001e94                EXTI3_IRQHandler
                0x0000000008001e94                TIM8_TRG_COM_TIM14_IRQHandler
                0x0000000008001e94                DFSDM1_FLT1_IRQHandler
                0x0000000008001e94                TIM1_UP_TIM10_IRQHandler
                0x0000000008001e94                TIM8_UP_TIM13_IRQHandler
                0x0000000008001e94                I2C3_ER_IRQHandler
                0x0000000008001e94                EXTI0_IRQHandler
                0x0000000008001e94                I2C2_EV_IRQHandler
                0x0000000008001e94                DMA1_Stream2_IRQHandler
                0x0000000008001e94                CAN1_RX0_IRQHandler
                0x0000000008001e94                FPU_IRQHandler
                0x0000000008001e94                CAN2_SCE_IRQHandler
                0x0000000008001e94                DMA2_Stream2_IRQHandler
                0x0000000008001e94                SPI1_IRQHandler
                0x0000000008001e94                TIM1_BRK_TIM9_IRQHandler
                0x0000000008001e94                CAN2_RX0_IRQHandler
                0x0000000008001e94                DMA2_Stream3_IRQHandler
                0x0000000008001e94                USART6_IRQHandler
                0x0000000008001e94                USART3_IRQHandler
                0x0000000008001e94                CAN1_RX1_IRQHandler
                0x0000000008001e94                DMA2_Stream0_IRQHandler
                0x0000000008001e94                TIM4_IRQHandler
                0x0000000008001e94                QUADSPI_IRQHandler
                0x0000000008001e94                I2C1_EV_IRQHandler
                0x0000000008001e94                DMA1_Stream6_IRQHandler
                0x0000000008001e94                DMA1_Stream1_IRQHandler
                0x0000000008001e94                TIM3_IRQHandler
                0x0000000008001e94                RCC_IRQHandler
                0x0000000008001e94                TIM8_BRK_TIM12_IRQHandler
                0x0000000008001e94                Default_Handler
                0x0000000008001e94                EXTI15_10_IRQHandler
                0x0000000008001e94                ADC_IRQHandler
                0x0000000008001e94                DMA1_Stream7_IRQHandler
                0x0000000008001e94                SPI5_IRQHandler
                0x0000000008001e94                TIM7_IRQHandler
                0x0000000008001e94                CAN2_TX_IRQHandler
                0x0000000008001e94                TIM5_IRQHandler
                0x0000000008001e94                DMA2_Stream7_IRQHandler
                0x0000000008001e94                I2C3_EV_IRQHandler
                0x0000000008001e94                EXTI9_5_IRQHandler
                0x0000000008001e94                RTC_WKUP_IRQHandler
                0x0000000008001e94                SPI2_IRQHandler
                0x0000000008001e94                DMA1_Stream0_IRQHandler
                0x0000000008001e94                CAN1_TX_IRQHandler
                0x0000000008001e94                FMPI2C1_ER_IRQHandler
                0x0000000008001e94                EXTI4_IRQHandler
                0x0000000008001e94                RNG_IRQHandler
                0x0000000008001e94                WWDG_IRQHandler
                0x0000000008001e94                TIM2_IRQHandler
                0x0000000008001e94                OTG_FS_WKUP_IRQHandler
                0x0000000008001e94                TIM1_TRG_COM_TIM11_IRQHandler
                0x0000000008001e94                EXTI1_IRQHandler
                0x0000000008001e94                USART2_IRQHandler
                0x0000000008001e94                DFSDM1_FLT0_IRQHandler
                0x0000000008001e94                I2C2_ER_IRQHandler
                0x0000000008001e94                DMA2_Stream1_IRQHandler
                0x0000000008001e94                CAN1_SCE_IRQHandler
                0x0000000008001e94                FLASH_IRQHandler
                0x0000000008001e94                DMA2_Stream4_IRQHandler
                0x0000000008001e94                USART1_IRQHandler
                0x0000000008001e94                OTG_FS_IRQHandler
                0x0000000008001e94                SPI3_IRQHandler
                0x0000000008001e94                DMA1_Stream4_IRQHandler
                0x0000000008001e94                I2C1_ER_IRQHandler
                0x0000000008001e94                DMA2_Stream6_IRQHandler
                0x0000000008001e94                DMA1_Stream3_IRQHandler
 *fill*         0x0000000008001e96        0x2 
 .text.HAL_Init
                0x0000000008001e98       0x44 Drivers/STM32F4xx_HAL_Driver/Src/stm32f4xx_hal.o
                0x0000000008001e98                HAL_Init
 .text.HAL_InitTick
                0x0000000008001edc       0x60 Drivers/STM32F4xx_HAL_Driver/Src/stm32f4xx_hal.o
                0x0000000008001edc                HAL_InitTick
 .text.HAL_IncTick
                0x0000000008001f3c       0x28 Drivers/STM32F4xx_HAL_Driver/Src/stm32f4xx_hal.o
                0x0000000008001f3c                HAL_IncTick
 .text.HAL_GetTick
                0x0000000008001f64       0x18 Drivers/STM32F4xx_HAL_Driver/Src/stm32f4xx_hal.o
                0x0000000008001f64                HAL_GetTick
 .text.HAL_Delay
                0x0000000008001f7c       0x44 Drivers/STM32F4xx_HAL_Driver/Src/stm32f4xx_hal.o
                0x0000000008001f7c                HAL_Delay
 .text.__NVIC_SetPriorityGrouping
                0x0000000008001fc0       0x48 Drivers/STM32F4xx_HAL_Driver/Src/stm32f4xx_hal_cortex.o
 .text.__NVIC_GetPriorityGrouping
                0x0000000008002008       0x1c Drivers/STM32F4xx_HAL_Driver/Src/stm32f4xx_hal_cortex.o
 .text.__NVIC_SetPriority
                0x0000000008002024       0x54 Drivers/STM32F4xx_HAL_Driver/Src/stm32f4xx_hal_cortex.o
 .text.NVIC_EncodePriority
                0x0000000008002078       0x66 Drivers/STM32F4xx_HAL_Driver/Src/stm32f4xx_hal_cortex.o
 *fill*         0x00000000080020de        0x2 
 .text.SysTick_Config
                0x00000000080020e0       0x44 Drivers/STM32F4xx_HAL_Driver/Src/stm32f4xx_hal_cortex.o
 .text.HAL_NVIC_SetPriorityGrouping
                0x0000000008002124       0x16 Drivers/STM32F4xx_HAL_Driver/Src/stm32f4xx_hal_cortex.o
                0x0000000008002124                HAL_NVIC_SetPriorityGrouping
 .text.HAL_NVIC_SetPriority
                0x000000000800213a       0x38 Drivers/STM32F4xx_HAL_Driver/Src/stm32f4xx_hal_cortex.o
                0x000000000800213a                HAL_NVIC_SetPriority
 .text.HAL_SYSTICK_Config
                0x0000000008002172       0x18 Drivers/STM32F4xx_HAL_Driver/Src/stm32f4xx_hal_cortex.o
                0x0000000008002172                HAL_SYSTICK_Config
 *fill*         0x000000000800218a        0x2 
 .text.HAL_GPIO_Init
                0x000000000800218c      0x324 Drivers/STM32F4xx_HAL_Driver/Src/stm32f4xx_hal_gpio.o
                0x000000000800218c                HAL_GPIO_Init
 .text.HAL_GPIO_ReadPin
                0x00000000080024b0       0x30 Drivers/STM32F4xx_HAL_Driver/Src/stm32f4xx_hal_gpio.o
                0x00000000080024b0                HAL_GPIO_ReadPin
 .text.HAL_GPIO_WritePin
                0x00000000080024e0       0x32 Drivers/STM32F4xx_HAL_Driver/Src/stm32f4xx_hal_gpio.o
                0x00000000080024e0                HAL_GPIO_WritePin
 .text.HAL_PCD_Init
                0x0000000008002512      0x248 Drivers/STM32F4xx_HAL_Driver/Src/stm32f4xx_hal_pcd.o
                0x0000000008002512                HAL_PCD_Init
 .text.HAL_PCDEx_ActivateLPM
                0x000000000800275a       0x48 Drivers/STM32F4xx_HAL_Driver/Src/stm32f4xx_hal_pcd_ex.o
                0x000000000800275a                HAL_PCDEx_ActivateLPM
 *fill*         0x00000000080027a2        0x2 
 .text.HAL_RCC_ClockConfig
                0x00000000080027a4      0x1cc Drivers/STM32F4xx_HAL_Driver/Src/stm32f4xx_hal_rcc.o
                0x00000000080027a4                HAL_RCC_ClockConfig
 .text.HAL_RCC_GetSysClockFreq
                0x0000000008002970      0x1b0 Drivers/STM32F4xx_HAL_Driver/Src/stm32f4xx_hal_rcc.o
                0x0000000008002970                HAL_RCC_GetSysClockFreq
 .text.HAL_RCC_GetHCLKFreq
                0x0000000008002b20       0x18 Drivers/STM32F4xx_HAL_Driver/Src/stm32f4xx_hal_rcc.o
                0x0000000008002b20                HAL_RCC_GetHCLKFreq
 .text.HAL_RCC_GetPCLK1Freq
                0x0000000008002b38       0x28 Drivers/STM32F4xx_HAL_Driver/Src/stm32f4xx_hal_rcc.o
                0x0000000008002b38                HAL_RCC_GetPCLK1Freq
 .text.HAL_RCC_GetPCLK2Freq
                0x0000000008002b60       0x28 Drivers/STM32F4xx_HAL_Driver/Src/stm32f4xx_hal_rcc.o
                0x0000000008002b60                HAL_RCC_GetPCLK2Freq
 .text.HAL_RCCEx_PeriphCLKConfig
                0x0000000008002b88      0x39c Drivers/STM32F4xx_HAL_Driver/Src/stm32f4xx_hal_rcc_ex.o
                0x0000000008002b88                HAL_RCCEx_PeriphCLKConfig
 .text.HAL_RCC_OscConfig
                0x0000000008002f24      0x484 Drivers/STM32F4xx_HAL_Driver/Src/stm32f4xx_hal_rcc_ex.o
                0x0000000008002f24                HAL_RCC_OscConfig
 .text.HAL_UART_Init
                0x00000000080033a8       0x9a Drivers/STM32F4xx_HAL_Driver/Src/stm32f4xx_hal_uart.o
                0x00000000080033a8                HAL_UART_Init
 *fill*         0x0000000008003442        0x2 
 .text.UART_SetConfig
                0x0000000008003444      0x6f8 Drivers/STM32F4xx_HAL_Driver/Src/stm32f4xx_hal_uart.o
 .text.USB_CoreInit
                0x0000000008003b3c       0xc2 Drivers/STM32F4xx_HAL_Driver/Src/stm32f4xx_ll_usb.o
                0x0000000008003b3c                USB_CoreInit
 .text.USB_DisableGlobalInt
                0x0000000008003bfe       0x22 Drivers/STM32F4xx_HAL_Driver/Src/stm32f4xx_ll_usb.o
                0x0000000008003bfe                USB_DisableGlobalInt
 .text.USB_SetCurrentMode
                0x0000000008003c20       0x54 Drivers/STM32F4xx_HAL_Driver/Src/stm32f4xx_ll_usb.o
                0x0000000008003c20                USB_SetCurrentMode
 .text.USB_DevInit
                0x0000000008003c74      0x2bc Drivers/STM32F4xx_HAL_Driver/Src/stm32f4xx_ll_usb.o
                0x0000000008003c74                USB_DevInit
 .text.USB_FlushTxFifo
                0x0000000008003f30       0x4c Drivers/STM32F4xx_HAL_Driver/Src/stm32f4xx_ll_usb.o
                0x0000000008003f30                USB_FlushTxFifo
 .text.USB_FlushRxFifo
                0x0000000008003f7c       0x44 Drivers/STM32F4xx_HAL_Driver/Src/stm32f4xx_ll_usb.o
                0x0000000008003f7c                USB_FlushRxFifo
 .text.USB_SetDevSpeed
                0x0000000008003fc0       0x32 Drivers/STM32F4xx_HAL_Driver/Src/stm32f4xx_ll_usb.o
                0x0000000008003fc0                USB_SetDevSpeed
 .text.USB_DevDisconnect
                0x0000000008003ff2       0x42 Drivers/STM32F4xx_HAL_Driver/Src/stm32f4xx_ll_usb.o
                0x0000000008003ff2                USB_DevDisconnect
 .text.USB_CoreReset
                0x0000000008004034       0x68 Drivers/STM32F4xx_HAL_Driver/Src/stm32f4xx_ll_usb.o
 .text.__libc_init_array
                0x000000000800409c       0x48 d:/st/stm32cubeide_1.1.0/stm32cubeide/plugins/com.st.stm32cube.ide.mcu.externaltools.gnu-tools-for-stm32.7-2018-q2-update.win32_1.0.0.201904181610/tools/bin/../lib/gcc/arm-none-eabi/7.3.1/../../../../arm-none-eabi/lib/thumb/v7e-m/fpv4-sp/hard\libc_nano.a(lib_a-init.o)
                0x000000000800409c                __libc_init_array
 .text.memset   0x00000000080040e4       0x10 d:/st/stm32cubeide_1.1.0/stm32cubeide/plugins/com.st.stm32cube.ide.mcu.externaltools.gnu-tools-for-stm32.7-2018-q2-update.win32_1.0.0.201904181610/tools/bin/../lib/gcc/arm-none-eabi/7.3.1/../../../../arm-none-eabi/lib/thumb/v7e-m/fpv4-sp/hard\libc_nano.a(lib_a-memset.o)
                0x00000000080040e4                memset
 *(.glue_7)
 .glue_7        0x00000000080040f4        0x0 linker stubs
 *(.glue_7t)
 .glue_7t       0x00000000080040f4        0x0 linker stubs
 *(.eh_frame)
 .eh_frame      0x00000000080040f4        0x0 d:/st/stm32cubeide_1.1.0/stm32cubeide/plugins/com.st.stm32cube.ide.mcu.externaltools.gnu-tools-for-stm32.7-2018-q2-update.win32_1.0.0.201904181610/tools/bin/../lib/gcc/arm-none-eabi/7.3.1/thumb/v7e-m/fpv4-sp/hard/crtbegin.o
 *(.init)
 .init          0x00000000080040f4        0x4 d:/st/stm32cubeide_1.1.0/stm32cubeide/plugins/com.st.stm32cube.ide.mcu.externaltools.gnu-tools-for-stm32.7-2018-q2-update.win32_1.0.0.201904181610/tools/bin/../lib/gcc/arm-none-eabi/7.3.1/thumb/v7e-m/fpv4-sp/hard/crti.o
                0x00000000080040f4                _init
 .init          0x00000000080040f8        0x8 d:/st/stm32cubeide_1.1.0/stm32cubeide/plugins/com.st.stm32cube.ide.mcu.externaltools.gnu-tools-for-stm32.7-2018-q2-update.win32_1.0.0.201904181610/tools/bin/../lib/gcc/arm-none-eabi/7.3.1/thumb/v7e-m/fpv4-sp/hard/crtn.o
 *(.fini)
 .fini          0x0000000008004100        0x4 d:/st/stm32cubeide_1.1.0/stm32cubeide/plugins/com.st.stm32cube.ide.mcu.externaltools.gnu-tools-for-stm32.7-2018-q2-update.win32_1.0.0.201904181610/tools/bin/../lib/gcc/arm-none-eabi/7.3.1/thumb/v7e-m/fpv4-sp/hard/crti.o
                0x0000000008004100                _fini
 .fini          0x0000000008004104        0x8 d:/st/stm32cubeide_1.1.0/stm32cubeide/plugins/com.st.stm32cube.ide.mcu.externaltools.gnu-tools-for-stm32.7-2018-q2-update.win32_1.0.0.201904181610/tools/bin/../lib/gcc/arm-none-eabi/7.3.1/thumb/v7e-m/fpv4-sp/hard/crtn.o
                0x000000000800410c                . = ALIGN (0x4)
                0x000000000800410c                _etext = .

.vfp11_veneer   0x000000000800410c        0x0
 .vfp11_veneer  0x000000000800410c        0x0 linker stubs

.v4_bx          0x000000000800410c        0x0
 .v4_bx         0x000000000800410c        0x0 linker stubs

.iplt           0x000000000800410c        0x0
 .iplt          0x000000000800410c        0x0 d:/st/stm32cubeide_1.1.0/stm32cubeide/plugins/com.st.stm32cube.ide.mcu.externaltools.gnu-tools-for-stm32.7-2018-q2-update.win32_1.0.0.201904181610/tools/bin/../lib/gcc/arm-none-eabi/7.3.1/thumb/v7e-m/fpv4-sp/hard/crtbegin.o

.rodata         0x0000000008004110       0x40
                0x0000000008004110                . = ALIGN (0x4)
 *(.rodata)
 .rodata        0x0000000008004110       0x28 Core/Src/main.o
 *(.rodata*)
 .rodata.AHBPrescTable
                0x0000000008004138       0x10 Core/Src/system_stm32f4xx.o
                0x0000000008004138                AHBPrescTable
 .rodata.APBPrescTable
                0x0000000008004148        0x8 Core/Src/system_stm32f4xx.o
                0x0000000008004148                APBPrescTable
                0x0000000008004150                . = ALIGN (0x4)

.ARM.extab      0x0000000008004150        0x0
                0x0000000008004150                . = ALIGN (0x4)
 *(.ARM.extab* .gnu.linkonce.armextab.*)
                0x0000000008004150                . = ALIGN (0x4)

.ARM            0x0000000008004150        0x8
                0x0000000008004150                . = ALIGN (0x4)
                0x0000000008004150                __exidx_start = .
 *(.ARM.exidx*)
 .ARM.exidx     0x0000000008004150        0x8 d:/st/stm32cubeide_1.1.0/stm32cubeide/plugins/com.st.stm32cube.ide.mcu.externaltools.gnu-tools-for-stm32.7-2018-q2-update.win32_1.0.0.201904181610/tools/bin/../lib/gcc/arm-none-eabi/7.3.1/thumb/v7e-m/fpv4-sp/hard\libgcc.a(_udivmoddi4.o)
                0x0000000008004158                __exidx_end = .
                0x0000000008004158                . = ALIGN (0x4)

.rel.dyn        0x0000000008004158        0x0
 .rel.iplt      0x0000000008004158        0x0 d:/st/stm32cubeide_1.1.0/stm32cubeide/plugins/com.st.stm32cube.ide.mcu.externaltools.gnu-tools-for-stm32.7-2018-q2-update.win32_1.0.0.201904181610/tools/bin/../lib/gcc/arm-none-eabi/7.3.1/thumb/v7e-m/fpv4-sp/hard/crtbegin.o

.preinit_array  0x0000000008004158        0x0
                0x0000000008004158                . = ALIGN (0x4)
                0x0000000008004158                PROVIDE (__preinit_array_start = .)
 *(.preinit_array*)
                0x0000000008004158                PROVIDE (__preinit_array_end = .)
                0x0000000008004158                . = ALIGN (0x4)

.init_array     0x0000000008004158        0x4
                0x0000000008004158                . = ALIGN (0x4)
                0x0000000008004158                PROVIDE (__init_array_start = .)
 *(SORT_BY_NAME(.init_array.*))
 *(.init_array*)
 .init_array    0x0000000008004158        0x4 d:/st/stm32cubeide_1.1.0/stm32cubeide/plugins/com.st.stm32cube.ide.mcu.externaltools.gnu-tools-for-stm32.7-2018-q2-update.win32_1.0.0.201904181610/tools/bin/../lib/gcc/arm-none-eabi/7.3.1/thumb/v7e-m/fpv4-sp/hard/crtbegin.o
                0x000000000800415c                PROVIDE (__init_array_end = .)
                0x000000000800415c                . = ALIGN (0x4)

.fini_array     0x000000000800415c        0x4
                0x000000000800415c                . = ALIGN (0x4)
                [!provide]                        PROVIDE (__fini_array_start = .)
 *(SORT_BY_NAME(.fini_array.*))
 *(.fini_array*)
 .fini_array    0x000000000800415c        0x4 d:/st/stm32cubeide_1.1.0/stm32cubeide/plugins/com.st.stm32cube.ide.mcu.externaltools.gnu-tools-for-stm32.7-2018-q2-update.win32_1.0.0.201904181610/tools/bin/../lib/gcc/arm-none-eabi/7.3.1/thumb/v7e-m/fpv4-sp/hard/crtbegin.o
                [!provide]                        PROVIDE (__fini_array_end = .)
                0x0000000008004160                . = ALIGN (0x4)
                0x0000000008004160                _sidata = LOADADDR (.data)

.data           0x0000000020000000       0x48 load address 0x0000000008004160
                0x0000000020000000                . = ALIGN (0x4)
                0x0000000020000000                _sdata = .
 *(.data)
 *(.data*)
 .data.Ftest    0x0000000020000000        0x4 Core/Src/main.o
                0x0000000020000000                Ftest
 .data.asStateMachine
                0x0000000020000004       0x38 Core/Src/main.o
                0x0000000020000004                asStateMachine
 .data.SystemCoreClock
                0x000000002000003c        0x4 Core/Src/system_stm32f4xx.o
                0x000000002000003c                SystemCoreClock
 .data.uwTickPrio
                0x0000000020000040        0x4 Drivers/STM32F4xx_HAL_Driver/Src/stm32f4xx_hal.o
                0x0000000020000040                uwTickPrio
 .data.uwTickFreq
                0x0000000020000044        0x1 Drivers/STM32F4xx_HAL_Driver/Src/stm32f4xx_hal.o
                0x0000000020000044                uwTickFreq
                0x0000000020000048                . = ALIGN (0x4)
 *fill*         0x0000000020000045        0x3 
                0x0000000020000048                _edata = .

.igot.plt       0x0000000020000048        0x0 load address 0x00000000080041a8
 .igot.plt      0x0000000020000048        0x0 d:/st/stm32cubeide_1.1.0/stm32cubeide/plugins/com.st.stm32cube.ide.mcu.externaltools.gnu-tools-for-stm32.7-2018-q2-update.win32_1.0.0.201904181610/tools/bin/../lib/gcc/arm-none-eabi/7.3.1/thumb/v7e-m/fpv4-sp/hard/crtbegin.o
                0x0000000020000048                . = ALIGN (0x4)

.bss            0x0000000020000048      0x4fc load address 0x00000000080041a8
                0x0000000020000048                _sbss = .
                0x0000000020000048                __bss_start__ = _sbss
 *(.bss)
 .bss           0x0000000020000048       0x1c d:/st/stm32cubeide_1.1.0/stm32cubeide/plugins/com.st.stm32cube.ide.mcu.externaltools.gnu-tools-for-stm32.7-2018-q2-update.win32_1.0.0.201904181610/tools/bin/../lib/gcc/arm-none-eabi/7.3.1/thumb/v7e-m/fpv4-sp/hard/crtbegin.o
 *(.bss*)
 .bss.debounce  0x0000000020000064        0x1 Core/Src/main.o
                0x0000000020000064                debounce
 *fill*         0x0000000020000065        0x3 
 .bss.freq      0x0000000020000068        0x4 Core/Src/main.o
                0x0000000020000068                freq
 .bss.Calib     0x000000002000006c        0xa Core/Src/main.o
                0x000000002000006c                Calib
 *fill*         0x0000000020000076        0x2 
 .bss.Compo     0x0000000020000078        0xa Core/Src/main.o
                0x0000000020000078                Compo
 *(COMMON)
 *fill*         0x0000000020000082        0x6 
 COMMON         0x0000000020000088      0x4b8 Core/Src/main.o
                0x0000000020000088                eState
                0x000000002000008c                huart3
                0x00000000200000cc                eNextState
                0x00000000200000d0                hpcd_USB_OTG_FS
                0x00000000200004d8                C
                0x00000000200004e0                i
                0x00000000200004f0                val
                0x00000000200004f8                eNewEvent
                0x0000000020000500                L
                0x0000000020000508                im
                0x0000000020000518                R
                0x0000000020000520                Z
                0x0000000020000530                u
 COMMON         0x0000000020000540        0x4 Drivers/STM32F4xx_HAL_Driver/Src/stm32f4xx_hal.o
                0x0000000020000540                uwTick
                0x0000000020000544                . = ALIGN (0x4)
                0x0000000020000544                _ebss = .
                0x0000000020000544                __bss_end__ = _ebss

._user_heap_stack
                0x0000000020000544      0x604 load address 0x00000000080041a8
                0x0000000020000548                . = ALIGN (0x8)
 *fill*         0x0000000020000544        0x4 
                0x0000000020000548                PROVIDE (end = .)
                [!provide]                        PROVIDE (_end = .)
                0x0000000020000748                . = (. + _Min_Heap_Size)
 *fill*         0x0000000020000548      0x200 
                0x0000000020000b48                . = (. + _Min_Stack_Size)
 *fill*         0x0000000020000748      0x400 
                0x0000000020000b48                . = ALIGN (0x8)

/DISCARD/
 libc.a(*)
 libm.a(*)
 libgcc.a(*)

.ARM.attributes
                0x0000000000000000       0x30
 *(.ARM.attributes)
 .ARM.attributes
                0x0000000000000000       0x22 d:/st/stm32cubeide_1.1.0/stm32cubeide/plugins/com.st.stm32cube.ide.mcu.externaltools.gnu-tools-for-stm32.7-2018-q2-update.win32_1.0.0.201904181610/tools/bin/../lib/gcc/arm-none-eabi/7.3.1/thumb/v7e-m/fpv4-sp/hard/crti.o
 .ARM.attributes
                0x0000000000000022       0x34 d:/st/stm32cubeide_1.1.0/stm32cubeide/plugins/com.st.stm32cube.ide.mcu.externaltools.gnu-tools-for-stm32.7-2018-q2-update.win32_1.0.0.201904181610/tools/bin/../lib/gcc/arm-none-eabi/7.3.1/thumb/v7e-m/fpv4-sp/hard/crtbegin.o
 .ARM.attributes
                0x0000000000000056       0x39 Core/Src/main.o
 .ARM.attributes
                0x000000000000008f       0x39 Core/Src/stm32f4xx_hal_msp.o
 .ARM.attributes
                0x00000000000000c8       0x39 Core/Src/stm32f4xx_it.o
 .ARM.attributes
                0x0000000000000101       0x39 Core/Src/system_stm32f4xx.o
 .ARM.attributes
                0x000000000000013a       0x21 Core/Startup/startup_stm32f412zgtx.o
 .ARM.attributes
                0x000000000000015b       0x39 Drivers/STM32F4xx_HAL_Driver/Src/stm32f4xx_hal.o
 .ARM.attributes
                0x0000000000000194       0x39 Drivers/STM32F4xx_HAL_Driver/Src/stm32f4xx_hal_cortex.o
 .ARM.attributes
                0x00000000000001cd       0x39 Drivers/STM32F4xx_HAL_Driver/Src/stm32f4xx_hal_gpio.o
 .ARM.attributes
                0x0000000000000206       0x39 Drivers/STM32F4xx_HAL_Driver/Src/stm32f4xx_hal_pcd.o
 .ARM.attributes
                0x000000000000023f       0x39 Drivers/STM32F4xx_HAL_Driver/Src/stm32f4xx_hal_pcd_ex.o
 .ARM.attributes
                0x0000000000000278       0x39 Drivers/STM32F4xx_HAL_Driver/Src/stm32f4xx_hal_rcc.o
 .ARM.attributes
                0x00000000000002b1       0x39 Drivers/STM32F4xx_HAL_Driver/Src/stm32f4xx_hal_rcc_ex.o
 .ARM.attributes
                0x00000000000002ea       0x39 Drivers/STM32F4xx_HAL_Driver/Src/stm32f4xx_hal_uart.o
 .ARM.attributes
                0x0000000000000323       0x39 Drivers/STM32F4xx_HAL_Driver/Src/stm32f4xx_ll_usb.o
 .ARM.attributes
                0x000000000000035c       0x34 d:/st/stm32cubeide_1.1.0/stm32cubeide/plugins/com.st.stm32cube.ide.mcu.externaltools.gnu-tools-for-stm32.7-2018-q2-update.win32_1.0.0.201904181610/tools/bin/../lib/gcc/arm-none-eabi/7.3.1/../../../../arm-none-eabi/lib/thumb/v7e-m/fpv4-sp/hard\libc_nano.a(lib_a-init.o)
 .ARM.attributes
                0x0000000000000390       0x34 d:/st/stm32cubeide_1.1.0/stm32cubeide/plugins/com.st.stm32cube.ide.mcu.externaltools.gnu-tools-for-stm32.7-2018-q2-update.win32_1.0.0.201904181610/tools/bin/../lib/gcc/arm-none-eabi/7.3.1/../../../../arm-none-eabi/lib/thumb/v7e-m/fpv4-sp/hard\libc_nano.a(lib_a-memset.o)
 .ARM.attributes
                0x00000000000003c4       0x1b d:/st/stm32cubeide_1.1.0/stm32cubeide/plugins/com.st.stm32cube.ide.mcu.externaltools.gnu-tools-for-stm32.7-2018-q2-update.win32_1.0.0.201904181610/tools/bin/../lib/gcc/arm-none-eabi/7.3.1/../../../../arm-none-eabi/lib/thumb/v7e-m/fpv4-sp/hard\libc_nano.a(lib_a-strlen.o)
 .ARM.attributes
                0x00000000000003df       0x22 d:/st/stm32cubeide_1.1.0/stm32cubeide/plugins/com.st.stm32cube.ide.mcu.externaltools.gnu-tools-for-stm32.7-2018-q2-update.win32_1.0.0.201904181610/tools/bin/../lib/gcc/arm-none-eabi/7.3.1/thumb/v7e-m/fpv4-sp/hard\libgcc.a(_arm_addsubdf3.o)
 .ARM.attributes
                0x0000000000000401       0x22 d:/st/stm32cubeide_1.1.0/stm32cubeide/plugins/com.st.stm32cube.ide.mcu.externaltools.gnu-tools-for-stm32.7-2018-q2-update.win32_1.0.0.201904181610/tools/bin/../lib/gcc/arm-none-eabi/7.3.1/thumb/v7e-m/fpv4-sp/hard\libgcc.a(_arm_muldivdf3.o)
 .ARM.attributes
                0x0000000000000423       0x22 d:/st/stm32cubeide_1.1.0/stm32cubeide/plugins/com.st.stm32cube.ide.mcu.externaltools.gnu-tools-for-stm32.7-2018-q2-update.win32_1.0.0.201904181610/tools/bin/../lib/gcc/arm-none-eabi/7.3.1/thumb/v7e-m/fpv4-sp/hard\libgcc.a(_aeabi_uldivmod.o)
 .ARM.attributes
                0x0000000000000445       0x34 d:/st/stm32cubeide_1.1.0/stm32cubeide/plugins/com.st.stm32cube.ide.mcu.externaltools.gnu-tools-for-stm32.7-2018-q2-update.win32_1.0.0.201904181610/tools/bin/../lib/gcc/arm-none-eabi/7.3.1/thumb/v7e-m/fpv4-sp/hard\libgcc.a(_divdc3.o)
 .ARM.attributes
                0x0000000000000479       0x34 d:/st/stm32cubeide_1.1.0/stm32cubeide/plugins/com.st.stm32cube.ide.mcu.externaltools.gnu-tools-for-stm32.7-2018-q2-update.win32_1.0.0.201904181610/tools/bin/../lib/gcc/arm-none-eabi/7.3.1/thumb/v7e-m/fpv4-sp/hard\libgcc.a(_udivmoddi4.o)
 .ARM.attributes
                0x00000000000004ad       0x22 d:/st/stm32cubeide_1.1.0/stm32cubeide/plugins/com.st.stm32cube.ide.mcu.externaltools.gnu-tools-for-stm32.7-2018-q2-update.win32_1.0.0.201904181610/tools/bin/../lib/gcc/arm-none-eabi/7.3.1/thumb/v7e-m/fpv4-sp/hard\libgcc.a(_dvmd_tls.o)
 .ARM.attributes
                0x00000000000004cf       0x22 d:/st/stm32cubeide_1.1.0/stm32cubeide/plugins/com.st.stm32cube.ide.mcu.externaltools.gnu-tools-for-stm32.7-2018-q2-update.win32_1.0.0.201904181610/tools/bin/../lib/gcc/arm-none-eabi/7.3.1/thumb/v7e-m/fpv4-sp/hard\libgcc.a(_arm_cmpdf2.o)
 .ARM.attributes
                0x00000000000004f1       0x22 d:/st/stm32cubeide_1.1.0/stm32cubeide/plugins/com.st.stm32cube.ide.mcu.externaltools.gnu-tools-for-stm32.7-2018-q2-update.win32_1.0.0.201904181610/tools/bin/../lib/gcc/arm-none-eabi/7.3.1/thumb/v7e-m/fpv4-sp/hard/crtn.o
OUTPUT(State_Machine_Test.elf elf32-littlearm)

.debug_info     0x0000000000000000     0xbb34
 .debug_info    0x0000000000000000     0x1d0c Core/Src/main.o
 .debug_info    0x0000000000001d0c     0x16bf Core/Src/stm32f4xx_hal_msp.o
 .debug_info    0x00000000000033cb      0xa6c Core/Src/stm32f4xx_it.o
 .debug_info    0x0000000000003e37      0x588 Core/Src/system_stm32f4xx.o
 .debug_info    0x00000000000043bf       0x22 Core/Startup/startup_stm32f412zgtx.o
 .debug_info    0x00000000000043e1      0x967 Drivers/STM32F4xx_HAL_Driver/Src/stm32f4xx_hal.o
 .debug_info    0x0000000000004d48      0xe16 Drivers/STM32F4xx_HAL_Driver/Src/stm32f4xx_hal_cortex.o
 .debug_info    0x0000000000005b5e      0x803 Drivers/STM32F4xx_HAL_Driver/Src/stm32f4xx_hal_gpio.o
 .debug_info    0x0000000000006361     0x1228 Drivers/STM32F4xx_HAL_Driver/Src/stm32f4xx_hal_pcd.o
 .debug_info    0x0000000000007589      0x8d5 Drivers/STM32F4xx_HAL_Driver/Src/stm32f4xx_hal_pcd_ex.o
 .debug_info    0x0000000000007e5e      0x944 Drivers/STM32F4xx_HAL_Driver/Src/stm32f4xx_hal_rcc.o
 .debug_info    0x00000000000087a2      0x80b Drivers/STM32F4xx_HAL_Driver/Src/stm32f4xx_hal_rcc_ex.o
 .debug_info    0x0000000000008fad     0x124c Drivers/STM32F4xx_HAL_Driver/Src/stm32f4xx_hal_uart.o
 .debug_info    0x000000000000a1f9     0x193b Drivers/STM32F4xx_HAL_Driver/Src/stm32f4xx_ll_usb.o

.debug_abbrev   0x0000000000000000     0x1bd6
 .debug_abbrev  0x0000000000000000      0x307 Core/Src/main.o
 .debug_abbrev  0x0000000000000307      0x233 Core/Src/stm32f4xx_hal_msp.o
 .debug_abbrev  0x000000000000053a      0x1c9 Core/Src/stm32f4xx_it.o
 .debug_abbrev  0x0000000000000703      0x12b Core/Src/system_stm32f4xx.o
 .debug_abbrev  0x000000000000082e       0x12 Core/Startup/startup_stm32f412zgtx.o
 .debug_abbrev  0x0000000000000840      0x1c7 Drivers/STM32F4xx_HAL_Driver/Src/stm32f4xx_hal.o
 .debug_abbrev  0x0000000000000a07      0x2fa Drivers/STM32F4xx_HAL_Driver/Src/stm32f4xx_hal_cortex.o
 .debug_abbrev  0x0000000000000d01      0x1c9 Drivers/STM32F4xx_HAL_Driver/Src/stm32f4xx_hal_gpio.o
 .debug_abbrev  0x0000000000000eca      0x266 Drivers/STM32F4xx_HAL_Driver/Src/stm32f4xx_hal_pcd.o
 .debug_abbrev  0x0000000000001130      0x214 Drivers/STM32F4xx_HAL_Driver/Src/stm32f4xx_hal_pcd_ex.o
 .debug_abbrev  0x0000000000001344      0x245 Drivers/STM32F4xx_HAL_Driver/Src/stm32f4xx_hal_rcc.o
 .debug_abbrev  0x0000000000001589      0x19e Drivers/STM32F4xx_HAL_Driver/Src/stm32f4xx_hal_rcc_ex.o
 .debug_abbrev  0x0000000000001727      0x242 Drivers/STM32F4xx_HAL_Driver/Src/stm32f4xx_hal_uart.o
 .debug_abbrev  0x0000000000001969      0x26d Drivers/STM32F4xx_HAL_Driver/Src/stm32f4xx_ll_usb.o

.debug_aranges  0x0000000000000000      0x9c8
 .debug_aranges
                0x0000000000000000       0x90 Core/Src/main.o
 .debug_aranges
                0x0000000000000090       0x40 Core/Src/stm32f4xx_hal_msp.o
 .debug_aranges
                0x00000000000000d0       0x60 Core/Src/stm32f4xx_it.o
 .debug_aranges
                0x0000000000000130       0x28 Core/Src/system_stm32f4xx.o
 .debug_aranges
                0x0000000000000158       0x28 Core/Startup/startup_stm32f412zgtx.o
 .debug_aranges
                0x0000000000000180       0xf0 Drivers/STM32F4xx_HAL_Driver/Src/stm32f4xx_hal.o
 .debug_aranges
                0x0000000000000270      0x118 Drivers/STM32F4xx_HAL_Driver/Src/stm32f4xx_hal_cortex.o
 .debug_aranges
                0x0000000000000388       0x58 Drivers/STM32F4xx_HAL_Driver/Src/stm32f4xx_hal_gpio.o
 .debug_aranges
                0x00000000000003e0      0x138 Drivers/STM32F4xx_HAL_Driver/Src/stm32f4xx_hal_pcd.o
 .debug_aranges
                0x0000000000000518       0x60 Drivers/STM32F4xx_HAL_Driver/Src/stm32f4xx_hal_pcd_ex.o
 .debug_aranges
                0x0000000000000578       0x88 Drivers/STM32F4xx_HAL_Driver/Src/stm32f4xx_hal_rcc.o
 .debug_aranges
                0x0000000000000600       0x60 Drivers/STM32F4xx_HAL_Driver/Src/stm32f4xx_hal_rcc_ex.o
 .debug_aranges
                0x0000000000000660      0x1d0 Drivers/STM32F4xx_HAL_Driver/Src/stm32f4xx_hal_uart.o
 .debug_aranges
                0x0000000000000830      0x198 Drivers/STM32F4xx_HAL_Driver/Src/stm32f4xx_ll_usb.o

.debug_ranges   0x0000000000000000      0x8f0
 .debug_ranges  0x0000000000000000       0x80 Core/Src/main.o
 .debug_ranges  0x0000000000000080       0x30 Core/Src/stm32f4xx_hal_msp.o
 .debug_ranges  0x00000000000000b0       0x50 Core/Src/stm32f4xx_it.o
 .debug_ranges  0x0000000000000100       0x18 Core/Src/system_stm32f4xx.o
 .debug_ranges  0x0000000000000118       0x20 Core/Startup/startup_stm32f412zgtx.o
 .debug_ranges  0x0000000000000138       0xe0 Drivers/STM32F4xx_HAL_Driver/Src/stm32f4xx_hal.o
 .debug_ranges  0x0000000000000218      0x108 Drivers/STM32F4xx_HAL_Driver/Src/stm32f4xx_hal_cortex.o
 .debug_ranges  0x0000000000000320       0x48 Drivers/STM32F4xx_HAL_Driver/Src/stm32f4xx_hal_gpio.o
 .debug_ranges  0x0000000000000368      0x128 Drivers/STM32F4xx_HAL_Driver/Src/stm32f4xx_hal_pcd.o
 .debug_ranges  0x0000000000000490       0x50 Drivers/STM32F4xx_HAL_Driver/Src/stm32f4xx_hal_pcd_ex.o
 .debug_ranges  0x00000000000004e0       0x78 Drivers/STM32F4xx_HAL_Driver/Src/stm32f4xx_hal_rcc.o
 .debug_ranges  0x0000000000000558       0x50 Drivers/STM32F4xx_HAL_Driver/Src/stm32f4xx_hal_rcc_ex.o
 .debug_ranges  0x00000000000005a8      0x1c0 Drivers/STM32F4xx_HAL_Driver/Src/stm32f4xx_hal_uart.o
 .debug_ranges  0x0000000000000768      0x188 Drivers/STM32F4xx_HAL_Driver/Src/stm32f4xx_ll_usb.o

.debug_macro    0x0000000000000000    0x1fb38
 .debug_macro   0x0000000000000000      0x3db Core/Src/main.o
 .debug_macro   0x00000000000003db      0xa5a Core/Src/main.o
 .debug_macro   0x0000000000000e35      0x18a Core/Src/main.o
 .debug_macro   0x0000000000000fbf       0x2e Core/Src/main.o
 .debug_macro   0x0000000000000fed       0x28 Core/Src/main.o
 .debug_macro   0x0000000000001015       0x22 Core/Src/main.o
 .debug_macro   0x0000000000001037       0x8e Core/Src/main.o
 .debug_macro   0x00000000000010c5       0x51 Core/Src/main.o
 .debug_macro   0x0000000000001116       0xef Core/Src/main.o
 .debug_macro   0x0000000000001205       0x6a Core/Src/main.o
 .debug_macro   0x000000000000126f      0x1df Core/Src/main.o
 .debug_macro   0x000000000000144e       0x1c Core/Src/main.o
 .debug_macro   0x000000000000146a       0x22 Core/Src/main.o
 .debug_macro   0x000000000000148c       0xdf Core/Src/main.o
 .debug_macro   0x000000000000156b     0x102d Core/Src/main.o
 .debug_macro   0x0000000000002598      0x11f Core/Src/main.o
 .debug_macro   0x00000000000026b7    0x14767 Core/Src/main.o
 .debug_macro   0x0000000000016e1e       0x43 Core/Src/main.o
 .debug_macro   0x0000000000016e61     0x3659 Core/Src/main.o
 .debug_macro   0x000000000001a4ba      0x174 Core/Src/main.o
 .debug_macro   0x000000000001a62e       0x5a Core/Src/main.o
 .debug_macro   0x000000000001a688      0x96b Core/Src/main.o
 .debug_macro   0x000000000001aff3      0x9fe Core/Src/main.o
 .debug_macro   0x000000000001b9f1      0x16d Core/Src/main.o
 .debug_macro   0x000000000001bb5e      0x117 Core/Src/main.o
 .debug_macro   0x000000000001bc75      0x192 Core/Src/main.o
 .debug_macro   0x000000000001be07       0x27 Core/Src/main.o
 .debug_macro   0x000000000001be2e      0x287 Core/Src/main.o
 .debug_macro   0x000000000001c0b5       0x5f Core/Src/main.o
 .debug_macro   0x000000000001c114      0x236 Core/Src/main.o
 .debug_macro   0x000000000001c34a      0x132 Core/Src/main.o
 .debug_macro   0x000000000001c47c      0x29c Core/Src/main.o
 .debug_macro   0x000000000001c718       0x2e Core/Src/main.o
 .debug_macro   0x000000000001c746      0x11a Core/Src/main.o
 .debug_macro   0x000000000001c860       0x91 Core/Src/main.o
 .debug_macro   0x000000000001c8f1       0x89 Core/Src/main.o
 .debug_macro   0x000000000001c97a      0x287 Core/Src/main.o
 .debug_macro   0x000000000001cc01      0x21e Core/Src/main.o
 .debug_macro   0x000000000001ce1f       0xba Core/Src/main.o
 .debug_macro   0x000000000001ced9      0x126 Core/Src/main.o
 .debug_macro   0x000000000001cfff       0x22 Core/Src/main.o
 .debug_macro   0x000000000001d021       0x46 Core/Src/main.o
 .debug_macro   0x000000000001d067       0x18 Core/Src/main.o
 .debug_macro   0x000000000001d07f       0x3c Core/Src/main.o
 .debug_macro   0x000000000001d0bb       0x34 Core/Src/main.o
 .debug_macro   0x000000000001d0ef       0x16 Core/Src/main.o
 .debug_macro   0x000000000001d105       0x35 Core/Src/main.o
 .debug_macro   0x000000000001d13a      0x32a Core/Src/main.o
 .debug_macro   0x000000000001d464       0x10 Core/Src/main.o
 .debug_macro   0x000000000001d474       0x52 Core/Src/main.o
 .debug_macro   0x000000000001d4c6       0x1f Core/Src/main.o
 .debug_macro   0x000000000001d4e5       0x43 Core/Src/main.o
 .debug_macro   0x000000000001d528       0x20 Core/Src/main.o
 .debug_macro   0x000000000001d548      0x1a3 Core/Src/main.o
 .debug_macro   0x000000000001d6eb       0x10 Core/Src/main.o
 .debug_macro   0x000000000001d6fb       0x1c Core/Src/main.o
 .debug_macro   0x000000000001d717       0x52 Core/Src/main.o
 .debug_macro   0x000000000001d769       0x40 Core/Src/main.o
 .debug_macro   0x000000000001d7a9       0x10 Core/Src/main.o
 .debug_macro   0x000000000001d7b9       0x40 Core/Src/main.o
 .debug_macro   0x000000000001d7f9       0xd7 Core/Src/main.o
 .debug_macro   0x000000000001d8d0       0x1c Core/Src/main.o
 .debug_macro   0x000000000001d8ec       0x3d Core/Src/main.o
 .debug_macro   0x000000000001d929       0x16 Core/Src/main.o
 .debug_macro   0x000000000001d93f      0x145 Core/Src/main.o
 .debug_macro   0x000000000001da84       0x16 Core/Src/main.o
 .debug_macro   0x000000000001da9a       0x16 Core/Src/main.o
 .debug_macro   0x000000000001dab0       0x29 Core/Src/main.o
 .debug_macro   0x000000000001dad9       0x16 Core/Src/main.o
 .debug_macro   0x000000000001daef       0x20 Core/Src/main.o
 .debug_macro   0x000000000001db0f       0x22 Core/Src/main.o
 .debug_macro   0x000000000001db31      0x1e1 Core/Src/main.o
 .debug_macro   0x000000000001dd12      0x1e7 Core/Src/main.o
 .debug_macro   0x000000000001def9      0x106 Core/Src/main.o
 .debug_macro   0x000000000001dfff      0x3db Core/Src/stm32f4xx_hal_msp.o
 .debug_macro   0x000000000001e3da      0x3e5 Core/Src/stm32f4xx_it.o
 .debug_macro   0x000000000001e7bf      0x1e4 Core/Src/system_stm32f4xx.o
 .debug_macro   0x000000000001e9a3      0x23e Drivers/STM32F4xx_HAL_Driver/Src/stm32f4xx_hal.o
 .debug_macro   0x000000000001ebe1      0x1de Drivers/STM32F4xx_HAL_Driver/Src/stm32f4xx_hal_cortex.o
 .debug_macro   0x000000000001edbf      0x214 Drivers/STM32F4xx_HAL_Driver/Src/stm32f4xx_hal_gpio.o
 .debug_macro   0x000000000001efd3      0x1ea Drivers/STM32F4xx_HAL_Driver/Src/stm32f4xx_hal_pcd.o
 .debug_macro   0x000000000001f1bd      0x1de Drivers/STM32F4xx_HAL_Driver/Src/stm32f4xx_hal_pcd_ex.o
 .debug_macro   0x000000000001f39b      0x202 Drivers/STM32F4xx_HAL_Driver/Src/stm32f4xx_hal_rcc.o
 .debug_macro   0x000000000001f59d      0x1de Drivers/STM32F4xx_HAL_Driver/Src/stm32f4xx_hal_rcc_ex.o
 .debug_macro   0x000000000001f77b      0x1df Drivers/STM32F4xx_HAL_Driver/Src/stm32f4xx_hal_uart.o
 .debug_macro   0x000000000001f95a      0x1de Drivers/STM32F4xx_HAL_Driver/Src/stm32f4xx_ll_usb.o

.debug_line     0x0000000000000000     0x8683
 .debug_line    0x0000000000000000      0xaf4 Core/Src/main.o
 .debug_line    0x0000000000000af4      0x997 Core/Src/stm32f4xx_hal_msp.o
 .debug_line    0x000000000000148b      0x9d6 Core/Src/stm32f4xx_it.o
 .debug_line    0x0000000000001e61      0x6f2 Core/Src/system_stm32f4xx.o
 .debug_line    0x0000000000002553       0x85 Core/Startup/startup_stm32f412zgtx.o
 .debug_line    0x00000000000025d8      0x8dc Drivers/STM32F4xx_HAL_Driver/Src/stm32f4xx_hal.o
 .debug_line    0x0000000000002eb4      0xa00 Drivers/STM32F4xx_HAL_Driver/Src/stm32f4xx_hal_cortex.o
 .debug_line    0x00000000000038b4      0x8a7 Drivers/STM32F4xx_HAL_Driver/Src/stm32f4xx_hal_gpio.o
 .debug_line    0x000000000000415b      0xc8d Drivers/STM32F4xx_HAL_Driver/Src/stm32f4xx_hal_pcd.o
 .debug_line    0x0000000000004de8      0x7c2 Drivers/STM32F4xx_HAL_Driver/Src/stm32f4xx_hal_pcd_ex.o
 .debug_line    0x00000000000055aa      0x934 Drivers/STM32F4xx_HAL_Driver/Src/stm32f4xx_hal_rcc.o
 .debug_line    0x0000000000005ede      0x9b6 Drivers/STM32F4xx_HAL_Driver/Src/stm32f4xx_hal_rcc_ex.o
 .debug_line    0x0000000000006894      0xfea Drivers/STM32F4xx_HAL_Driver/Src/stm32f4xx_hal_uart.o
 .debug_line    0x000000000000787e      0xe05 Drivers/STM32F4xx_HAL_Driver/Src/stm32f4xx_ll_usb.o

.debug_str      0x0000000000000000    0xbd6cb
 .debug_str     0x0000000000000000    0xbae9f Core/Src/main.o
                                      0xbb303 (size before relaxing)
 .debug_str     0x00000000000bae9f       0x7d Core/Src/stm32f4xx_hal_msp.o
                                      0xbae6a (size before relaxing)
 .debug_str     0x00000000000baf1c       0xbd Core/Src/stm32f4xx_it.o
                                      0xba5a0 (size before relaxing)
 .debug_str     0x00000000000bafd9       0xc4 Core/Src/system_stm32f4xx.o
                                      0xb48ba (size before relaxing)
 .debug_str     0x00000000000bb09d       0x36 Core/Startup/startup_stm32f412zgtx.o
                                         0x6f (size before relaxing)
 .debug_str     0x00000000000bb0d3      0xa31 Drivers/STM32F4xx_HAL_Driver/Src/stm32f4xx_hal.o
                                      0xb5361 (size before relaxing)
 .debug_str     0x00000000000bbb04      0x399 Drivers/STM32F4xx_HAL_Driver/Src/stm32f4xx_hal_cortex.o
                                      0xb512c (size before relaxing)
 .debug_str     0x00000000000bbe9d      0x20c Drivers/STM32F4xx_HAL_Driver/Src/stm32f4xx_hal_gpio.o
                                      0xb4aff (size before relaxing)
 .debug_str     0x00000000000bc0a9      0x548 Drivers/STM32F4xx_HAL_Driver/Src/stm32f4xx_hal_pcd.o
                                      0xb50ad (size before relaxing)
 .debug_str     0x00000000000bc5f1      0x1b4 Drivers/STM32F4xx_HAL_Driver/Src/stm32f4xx_hal_pcd_ex.o
                                      0xb4cf1 (size before relaxing)
 .debug_str     0x00000000000bc7a5      0x259 Drivers/STM32F4xx_HAL_Driver/Src/stm32f4xx_hal_rcc.o
                                      0xb4cac (size before relaxing)
 .debug_str     0x00000000000bc9fe      0x136 Drivers/STM32F4xx_HAL_Driver/Src/stm32f4xx_hal_rcc_ex.o
                                      0xb4bcb (size before relaxing)
 .debug_str     0x00000000000bcb34      0x521 Drivers/STM32F4xx_HAL_Driver/Src/stm32f4xx_hal_uart.o
                                      0xb50e2 (size before relaxing)
 .debug_str     0x00000000000bd055      0x676 Drivers/STM32F4xx_HAL_Driver/Src/stm32f4xx_ll_usb.o
                                      0xb51a3 (size before relaxing)

.comment        0x0000000000000000       0x7b
 .comment       0x0000000000000000       0x7b Core/Src/main.o
                                         0x7c (size before relaxing)
 .comment       0x000000000000007b       0x7c Core/Src/stm32f4xx_hal_msp.o
 .comment       0x000000000000007b       0x7c Core/Src/stm32f4xx_it.o
 .comment       0x000000000000007b       0x7c Core/Src/system_stm32f4xx.o
 .comment       0x000000000000007b       0x7c Drivers/STM32F4xx_HAL_Driver/Src/stm32f4xx_hal.o
 .comment       0x000000000000007b       0x7c Drivers/STM32F4xx_HAL_Driver/Src/stm32f4xx_hal_cortex.o
 .comment       0x000000000000007b       0x7c Drivers/STM32F4xx_HAL_Driver/Src/stm32f4xx_hal_gpio.o
 .comment       0x000000000000007b       0x7c Drivers/STM32F4xx_HAL_Driver/Src/stm32f4xx_hal_pcd.o
 .comment       0x000000000000007b       0x7c Drivers/STM32F4xx_HAL_Driver/Src/stm32f4xx_hal_pcd_ex.o
 .comment       0x000000000000007b       0x7c Drivers/STM32F4xx_HAL_Driver/Src/stm32f4xx_hal_rcc.o
 .comment       0x000000000000007b       0x7c Drivers/STM32F4xx_HAL_Driver/Src/stm32f4xx_hal_rcc_ex.o
 .comment       0x000000000000007b       0x7c Drivers/STM32F4xx_HAL_Driver/Src/stm32f4xx_hal_uart.o
 .comment       0x000000000000007b       0x7c Drivers/STM32F4xx_HAL_Driver/Src/stm32f4xx_ll_usb.o

.debug_frame    0x0000000000000000     0x2a7c
 .debug_frame   0x0000000000000000      0x22c Core/Src/main.o
 .debug_frame   0x000000000000022c       0xc8 Core/Src/stm32f4xx_hal_msp.o
 .debug_frame   0x00000000000002f4      0x10c Core/Src/stm32f4xx_it.o
 .debug_frame   0x0000000000000400       0x58 Core/Src/system_stm32f4xx.o
 .debug_frame   0x0000000000000458      0x374 Drivers/STM32F4xx_HAL_Driver/Src/stm32f4xx_hal.o
 .debug_frame   0x00000000000007cc      0x498 Drivers/STM32F4xx_HAL_Driver/Src/stm32f4xx_hal_cortex.o
 .debug_frame   0x0000000000000c64      0x14c Drivers/STM32F4xx_HAL_Driver/Src/stm32f4xx_hal_gpio.o
 .debug_frame   0x0000000000000db0      0x574 Drivers/STM32F4xx_HAL_Driver/Src/stm32f4xx_hal_pcd.o
 .debug_frame   0x0000000000001324      0x174 Drivers/STM32F4xx_HAL_Driver/Src/stm32f4xx_hal_pcd_ex.o
 .debug_frame   0x0000000000001498      0x1f0 Drivers/STM32F4xx_HAL_Driver/Src/stm32f4xx_hal_rcc.o
 .debug_frame   0x0000000000001688      0x16c Drivers/STM32F4xx_HAL_Driver/Src/stm32f4xx_hal_rcc_ex.o
 .debug_frame   0x00000000000017f4      0x844 Drivers/STM32F4xx_HAL_Driver/Src/stm32f4xx_hal_uart.o
 .debug_frame   0x0000000000002038      0x798 Drivers/STM32F4xx_HAL_Driver/Src/stm32f4xx_ll_usb.o
 .debug_frame   0x00000000000027d0       0x2c d:/st/stm32cubeide_1.1.0/stm32cubeide/plugins/com.st.stm32cube.ide.mcu.externaltools.gnu-tools-for-stm32.7-2018-q2-update.win32_1.0.0.201904181610/tools/bin/../lib/gcc/arm-none-eabi/7.3.1/../../../../arm-none-eabi/lib/thumb/v7e-m/fpv4-sp/hard\libc_nano.a(lib_a-init.o)
 .debug_frame   0x00000000000027fc       0x20 d:/st/stm32cubeide_1.1.0/stm32cubeide/plugins/com.st.stm32cube.ide.mcu.externaltools.gnu-tools-for-stm32.7-2018-q2-update.win32_1.0.0.201904181610/tools/bin/../lib/gcc/arm-none-eabi/7.3.1/../../../../arm-none-eabi/lib/thumb/v7e-m/fpv4-sp/hard\libc_nano.a(lib_a-memset.o)
 .debug_frame   0x000000000000281c       0xac d:/st/stm32cubeide_1.1.0/stm32cubeide/plugins/com.st.stm32cube.ide.mcu.externaltools.gnu-tools-for-stm32.7-2018-q2-update.win32_1.0.0.201904181610/tools/bin/../lib/gcc/arm-none-eabi/7.3.1/thumb/v7e-m/fpv4-sp/hard\libgcc.a(_arm_addsubdf3.o)
 .debug_frame   0x00000000000028c8       0x50 d:/st/stm32cubeide_1.1.0/stm32cubeide/plugins/com.st.stm32cube.ide.mcu.externaltools.gnu-tools-for-stm32.7-2018-q2-update.win32_1.0.0.201904181610/tools/bin/../lib/gcc/arm-none-eabi/7.3.1/thumb/v7e-m/fpv4-sp/hard\libgcc.a(_arm_muldivdf3.o)
 .debug_frame   0x0000000000002918       0x2c d:/st/stm32cubeide_1.1.0/stm32cubeide/plugins/com.st.stm32cube.ide.mcu.externaltools.gnu-tools-for-stm32.7-2018-q2-update.win32_1.0.0.201904181610/tools/bin/../lib/gcc/arm-none-eabi/7.3.1/thumb/v7e-m/fpv4-sp/hard\libgcc.a(_aeabi_uldivmod.o)
 .debug_frame   0x0000000000002944       0x40 d:/st/stm32cubeide_1.1.0/stm32cubeide/plugins/com.st.stm32cube.ide.mcu.externaltools.gnu-tools-for-stm32.7-2018-q2-update.win32_1.0.0.201904181610/tools/bin/../lib/gcc/arm-none-eabi/7.3.1/thumb/v7e-m/fpv4-sp/hard\libgcc.a(_divdc3.o)
 .debug_frame   0x0000000000002984       0x34 d:/st/stm32cubeide_1.1.0/stm32cubeide/plugins/com.st.stm32cube.ide.mcu.externaltools.gnu-tools-for-stm32.7-2018-q2-update.win32_1.0.0.201904181610/tools/bin/../lib/gcc/arm-none-eabi/7.3.1/thumb/v7e-m/fpv4-sp/hard\libgcc.a(_udivmoddi4.o)
 .debug_frame   0x00000000000029b8       0xc4 d:/st/stm32cubeide_1.1.0/stm32cubeide/plugins/com.st.stm32cube.ide.mcu.externaltools.gnu-tools-for-stm32.7-2018-q2-update.win32_1.0.0.201904181610/tools/bin/../lib/gcc/arm-none-eabi/7.3.1/thumb/v7e-m/fpv4-sp/hard\libgcc.a(_arm_cmpdf2.o)
