Archive member included to satisfy reference by file (symbol)

c:/st/stm32cubeide_1.1.0/stm32cubeide/plugins/com.st.stm32cube.ide.mcu.externaltools.gnu-tools-for-stm32.7-2018-q2-update.win32_1.0.0.201904181610/tools/bin/../lib/gcc/arm-none-eabi/7.3.1/../../../../arm-none-eabi/lib/thumb/v7e-m/fpv4-sp/hard\libc_nano.a(lib_a-errno.o)
                              Core/Src/syscalls.o (__errno)
c:/st/stm32cubeide_1.1.0/stm32cubeide/plugins/com.st.stm32cube.ide.mcu.externaltools.gnu-tools-for-stm32.7-2018-q2-update.win32_1.0.0.201904181610/tools/bin/../lib/gcc/arm-none-eabi/7.3.1/../../../../arm-none-eabi/lib/thumb/v7e-m/fpv4-sp/hard\libc_nano.a(lib_a-exit.o)
                              c:/st/stm32cubeide_1.1.0/stm32cubeide/plugins/com.st.stm32cube.ide.mcu.externaltools.gnu-tools-for-stm32.7-2018-q2-update.win32_1.0.0.201904181610/tools/bin/../lib/gcc/arm-none-eabi/7.3.1/../../../../arm-none-eabi/lib/thumb/v7e-m/fpv4-sp/hard/crt0.o (exit)
c:/st/stm32cubeide_1.1.0/stm32cubeide/plugins/com.st.stm32cube.ide.mcu.externaltools.gnu-tools-for-stm32.7-2018-q2-update.win32_1.0.0.201904181610/tools/bin/../lib/gcc/arm-none-eabi/7.3.1/../../../../arm-none-eabi/lib/thumb/v7e-m/fpv4-sp/hard\libc_nano.a(lib_a-impure.o)
                              c:/st/stm32cubeide_1.1.0/stm32cubeide/plugins/com.st.stm32cube.ide.mcu.externaltools.gnu-tools-for-stm32.7-2018-q2-update.win32_1.0.0.201904181610/tools/bin/../lib/gcc/arm-none-eabi/7.3.1/../../../../arm-none-eabi/lib/thumb/v7e-m/fpv4-sp/hard\libc_nano.a(lib_a-exit.o) (_global_impure_ptr)
c:/st/stm32cubeide_1.1.0/stm32cubeide/plugins/com.st.stm32cube.ide.mcu.externaltools.gnu-tools-for-stm32.7-2018-q2-update.win32_1.0.0.201904181610/tools/bin/../lib/gcc/arm-none-eabi/7.3.1/../../../../arm-none-eabi/lib/thumb/v7e-m/fpv4-sp/hard\libc_nano.a(lib_a-init.o)
                              c:/st/stm32cubeide_1.1.0/stm32cubeide/plugins/com.st.stm32cube.ide.mcu.externaltools.gnu-tools-for-stm32.7-2018-q2-update.win32_1.0.0.201904181610/tools/bin/../lib/gcc/arm-none-eabi/7.3.1/../../../../arm-none-eabi/lib/thumb/v7e-m/fpv4-sp/hard/crt0.o (__libc_init_array)
c:/st/stm32cubeide_1.1.0/stm32cubeide/plugins/com.st.stm32cube.ide.mcu.externaltools.gnu-tools-for-stm32.7-2018-q2-update.win32_1.0.0.201904181610/tools/bin/../lib/gcc/arm-none-eabi/7.3.1/../../../../arm-none-eabi/lib/thumb/v7e-m/fpv4-sp/hard\libc_nano.a(lib_a-memset.o)
                              c:/st/stm32cubeide_1.1.0/stm32cubeide/plugins/com.st.stm32cube.ide.mcu.externaltools.gnu-tools-for-stm32.7-2018-q2-update.win32_1.0.0.201904181610/tools/bin/../lib/gcc/arm-none-eabi/7.3.1/../../../../arm-none-eabi/lib/thumb/v7e-m/fpv4-sp/hard/crt0.o (memset)
c:/st/stm32cubeide_1.1.0/stm32cubeide/plugins/com.st.stm32cube.ide.mcu.externaltools.gnu-tools-for-stm32.7-2018-q2-update.win32_1.0.0.201904181610/tools/bin/../lib/gcc/arm-none-eabi/7.3.1/../../../../arm-none-eabi/lib/thumb/v7e-m/fpv4-sp/hard\libc_nano.a(lib_a-strlen.o)
                              Core/Src/main.o (strlen)
c:/st/stm32cubeide_1.1.0/stm32cubeide/plugins/com.st.stm32cube.ide.mcu.externaltools.gnu-tools-for-stm32.7-2018-q2-update.win32_1.0.0.201904181610/tools/bin/../lib/gcc/arm-none-eabi/7.3.1/thumb/v7e-m/fpv4-sp/hard\libgcc.a(_arm_addsubdf3.o)
                              Core/Src/main.o (__aeabi_dadd)
c:/st/stm32cubeide_1.1.0/stm32cubeide/plugins/com.st.stm32cube.ide.mcu.externaltools.gnu-tools-for-stm32.7-2018-q2-update.win32_1.0.0.201904181610/tools/bin/../lib/gcc/arm-none-eabi/7.3.1/thumb/v7e-m/fpv4-sp/hard\libgcc.a(_arm_muldivdf3.o)
                              Core/Src/main.o (__aeabi_dmul)
c:/st/stm32cubeide_1.1.0/stm32cubeide/plugins/com.st.stm32cube.ide.mcu.externaltools.gnu-tools-for-stm32.7-2018-q2-update.win32_1.0.0.201904181610/tools/bin/../lib/gcc/arm-none-eabi/7.3.1/thumb/v7e-m/fpv4-sp/hard\libgcc.a(_aeabi_uldivmod.o)
                              Drivers/STM32F4xx_HAL_Driver/Src/stm32f4xx_hal_rcc.o (__aeabi_uldivmod)
c:/st/stm32cubeide_1.1.0/stm32cubeide/plugins/com.st.stm32cube.ide.mcu.externaltools.gnu-tools-for-stm32.7-2018-q2-update.win32_1.0.0.201904181610/tools/bin/../lib/gcc/arm-none-eabi/7.3.1/thumb/v7e-m/fpv4-sp/hard\libgcc.a(_divdc3.o)
                              Core/Src/main.o (__divdc3)
c:/st/stm32cubeide_1.1.0/stm32cubeide/plugins/com.st.stm32cube.ide.mcu.externaltools.gnu-tools-for-stm32.7-2018-q2-update.win32_1.0.0.201904181610/tools/bin/../lib/gcc/arm-none-eabi/7.3.1/thumb/v7e-m/fpv4-sp/hard\libgcc.a(_udivmoddi4.o)
                              c:/st/stm32cubeide_1.1.0/stm32cubeide/plugins/com.st.stm32cube.ide.mcu.externaltools.gnu-tools-for-stm32.7-2018-q2-update.win32_1.0.0.201904181610/tools/bin/../lib/gcc/arm-none-eabi/7.3.1/thumb/v7e-m/fpv4-sp/hard\libgcc.a(_aeabi_uldivmod.o) (__udivmoddi4)
c:/st/stm32cubeide_1.1.0/stm32cubeide/plugins/com.st.stm32cube.ide.mcu.externaltools.gnu-tools-for-stm32.7-2018-q2-update.win32_1.0.0.201904181610/tools/bin/../lib/gcc/arm-none-eabi/7.3.1/thumb/v7e-m/fpv4-sp/hard\libgcc.a(_dvmd_tls.o)
[...]
Memory Configuration

Name             Origin             Length             Attributes
RAM              0x0000000020000000 0x0000000000040000 xrw
FLASH            0x0000000008000000 0x0000000000100000 xr
*default*        0x0000000000000000 0xffffffffffffffff

Linker script and memory map

LOAD c:/st/stm32cubeide_1.1.0/stm32cubeide/plugins/com.st.stm32cube.ide.mcu.externaltools.gnu-tools-for-stm32.7-2018-q2-update.win32_1.0.0.201904181610/tools/bin/../lib/gcc/arm-none-eabi/7.3.1/thumb/v7e-m/fpv4-sp/hard/crti.o
LOAD c:/st/stm32cubeide_1.1.0/stm32cubeide/plugins/com.st.stm32cube.ide.mcu.externaltools.gnu-tools-for-stm32.7-2018-q2-update.win32_1.0.0.201904181610/tools/bin/../lib/gcc/arm-none-eabi/7.3.1/thumb/v7e-m/fpv4-sp/hard/crtbegin.o
LOAD c:/st/stm32cubeide_1.1.0/stm32cubeide/plugins/com.st.stm32cube.ide.mcu.externaltools.gnu-tools-for-stm32.7-2018-q2-update.win32_1.0.0.201904181610/tools/bin/../lib/gcc/arm-none-eabi/7.3.1/../../../../arm-none-eabi/lib/thumb/v7e-m/fpv4-sp/hard/crt0.o
LOAD Core/Src/main.o
LOAD Core/Src/stm32f4xx_hal_msp.o
LOAD Core/Src/stm32f4xx_it.o
LOAD Core/Src/syscalls.o
LOAD Core/Src/sysmem.o
LOAD Core/Src/system_stm32f4xx.o
LOAD Core/Startup/startup_stm32f412zgtx.o
LOAD Drivers/STM32F4xx_HAL_Driver/Src/stm32f4xx_hal.o
LOAD Drivers/STM32F4xx_HAL_Driver/Src/stm32f4xx_hal_cortex.o
LOAD Drivers/STM32F4xx_HAL_Driver/Src/stm32f4xx_hal_dma.o
LOAD Drivers/STM32F4xx_HAL_Driver/Src/stm32f4xx_hal_dma_ex.o
LOAD Drivers/STM32F4xx_HAL_Driver/Src/stm32f4xx_hal_exti.o
LOAD Drivers/STM32F4xx_HAL_Driver/Src/stm32f4xx_hal_flash.o
LOAD Drivers/STM32F4xx_HAL_Driver/Src/stm32f4xx_hal_flash_ex.o
LOAD Drivers/STM32F4xx_HAL_Driver/Src/stm32f4xx_hal_flash_ramfunc.o
LOAD Drivers/STM32F4xx_HAL_Driver/Src/stm32f4xx_hal_gpio.o
LOAD Drivers/STM32F4xx_HAL_Driver/Src/stm32f4xx_hal_pcd.o
LOAD Drivers/STM32F4xx_HAL_Driver/Src/stm32f4xx_hal_pcd_ex.o
LOAD Drivers/STM32F4xx_HAL_Driver/Src/stm32f4xx_hal_pwr.o
LOAD Drivers/STM32F4xx_HAL_Driver/Src/stm32f4xx_hal_pwr_ex.o
LOAD Drivers/STM32F4xx_HAL_Driver/Src/stm32f4xx_hal_rcc.o
LOAD Drivers/STM32F4xx_HAL_Driver/Src/stm32f4xx_hal_rcc_ex.o
LOAD Drivers/STM32F4xx_HAL_Driver/Src/stm32f4xx_hal_tim.o
LOAD Drivers/STM32F4xx_HAL_Driver/Src/stm32f4xx_hal_tim_ex.o
LOAD Drivers/STM32F4xx_HAL_Driver/Src/stm32f4xx_hal_uart.o
LOAD Drivers/STM32F4xx_HAL_Driver/Src/stm32f4xx_ll_usb.o
START GROUP
LOAD c:/st/stm32cubeide_1.1.0/stm32cubeide/plugins/com.st.stm32cube.ide.mcu.externaltools.gnu-tools-for-stm32.7-2018-q2-update.win32_1.0.0.201904181610/tools/bin/../lib/gcc/arm-none-eabi/7.3.1/../../../../arm-none-eabi/lib/thumb/v7e-m/fpv4-sp/hard\libc_nano.a
LOAD c:/st/stm32cubeide_1.1.0/stm32cubeide/plugins/com.st.stm32cube.ide.mcu.externaltools.gnu-tools-for-stm32.7-2018-q2-update.win32_1.0.0.201904181610/tools/bin/../lib/gcc/arm-none-eabi/7.3.1/../../../../arm-none-eabi/lib/thumb/v7e-m/fpv4-sp/hard\libm.a
END GROUP
START GROUP
LOAD c:/st/stm32cubeide_1.1.0/stm32cubeide/plugins/com.st.stm32cube.ide.mcu.externaltools.gnu-tools-for-stm32.7-2018-q2-update.win32_1.0.0.201904181610/tools/bin/../lib/gcc/arm-none-eabi/7.3.1/thumb/v7e-m/fpv4-sp/hard\libgcc.a
LOAD c:/st/stm32cubeide_1.1.0/stm32cubeide/plugins/com.st.stm32cube.ide.mcu.externaltools.gnu-tools-for-stm32.7-2018-q2-update.win32_1.0.0.201904181610/tools/bin/../lib/gcc/arm-none-eabi/7.3.1/../../../../arm-none-eabi/lib/thumb/v7e-m/fpv4-sp/hard\libc_nano.a
END GROUP
START GROUP
LOAD c:/st/stm32cubeide_1.1.0/stm32cubeide/plugins/com.st.stm32cube.ide.mcu.externaltools.gnu-tools-for-stm32.7-2018-q2-update.win32_1.0.0.201904181610/tools/bin/../lib/gcc/arm-none-eabi/7.3.1/thumb/v7e-m/fpv4-sp/hard\libgcc.a
LOAD c:/st/stm32cubeide_1.1.0/stm32cubeide/plugins/com.st.stm32cube.ide.mcu.externaltools.gnu-tools-for-stm32.7-2018-q2-update.win32_1.0.0.201904181610/tools/bin/../lib/gcc/arm-none-eabi/7.3.1/../../../../arm-none-eabi/lib/thumb/v7e-m/fpv4-sp/hard\libc_nano.a
LOAD c:/st/stm32cubeide_1.1.0/stm32cubeide/plugins/com.st.stm32cube.ide.mcu.externaltools.gnu-tools-for-stm32.7-2018-q2-update.win32_1.0.0.201904181610/tools/bin/../lib/gcc/arm-none-eabi/7.3.1/../../../../arm-none-eabi/lib/thumb/v7e-m/fpv4-sp/hard\libnosys.a
END GROUP
START GROUP
LOAD c:/st/stm32cubeide_1.1.0/stm32cubeide/plugins/com.st.stm32cube.ide.mcu.externaltools.gnu-tools-for-stm32.7-2018-q2-update.win32_1.0.0.201904181610/tools/bin/../lib/gcc/arm-none-eabi/7.3.1/thumb/v7e-m/fpv4-sp/hard\libgcc.a
LOAD c:/st/stm32cubeide_1.1.0/stm32cubeide/plugins/com.st.stm32cube.ide.mcu.externaltools.gnu-tools-for-stm32.7-2018-q2-update.win32_1.0.0.201904181610/tools/bin/../lib/gcc/arm-none-eabi/7.3.1/../../../../arm-none-eabi/lib/thumb/v7e-m/fpv4-sp/hard\libc_nano.a
LOAD c:/st/stm32cubeide_1.1.0/stm32cubeide/plugins/com.st.stm32cube.ide.mcu.externaltools.gnu-tools-for-stm32.7-2018-q2-update.win32_1.0.0.201904181610/tools/bin/../lib/gcc/arm-none-eabi/7.3.1/../../../../arm-none-eabi/lib/thumb/v7e-m/fpv4-sp/hard\libnosys.a
END GROUP
LOAD c:/st/stm32cubeide_1.1.0/stm32cubeide/plugins/com.st.stm32cube.ide.mcu.externaltools.gnu-tools-for-stm32.7-2018-q2-update.win32_1.0.0.201904181610/tools/bin/../lib/gcc/arm-none-eabi/7.3.1/thumb/v7e-m/fpv4-sp/hard/crtend.o
LOAD c:/st/stm32cubeide_1.1.0/stm32cubeide/plugins/com.st.stm32cube.ide.mcu.externaltools.gnu-tools-for-stm32.7-2018-q2-update.win32_1.0.0.201904181610/tools/bin/../lib/gcc/arm-none-eabi/7.3.1/thumb/v7e-m/fpv4-sp/hard/crtn.o
                0x0000000020040000                _estack = (ORIGIN (RAM) + LENGTH (RAM))
                0x0000000000000200                _Min_Heap_Size = 0x200
                0x0000000000000400                _Min_Stack_Size = 0x400

.isr_vector     0x0000000008000000      0x1c4
                0x0000000008000000                . = ALIGN (0x4)
 *(.isr_vector)
 .isr_vector    0x0000000008000000      0x1c4 Core/Startup/startup_stm32f412zgtx.o
                0x0000000008000000                g_pfnVectors
                0x00000000080001c4                . = ALIGN (0x4)

.text           0x00000000080001c8     0x3ef4
                0x00000000080001c8                . = ALIGN (0x4)
 *(.text)
 .text          0x00000000080001c8       0x40 c:/st/stm32cubeide_1.1.0/stm32cubeide/plugins/com.st.stm32cube.ide.mcu.externaltools.gnu-tools-for-stm32.7-2018-q2-update.win32_1.0.0.201904181610/tools/bin/../lib/gcc/arm-none-eabi/7.3.1/thumb/v7e-m/fpv4-sp/hard/crtbegin.o
 .text          0x0000000008000208       0x10 c:/st/stm32cubeide_1.1.0/stm32cubeide/plugins/com.st.stm32cube.ide.mcu.externaltools.gnu-tools-for-stm32.7-2018-q2-update.win32_1.0.0.201904181610/tools/bin/../lib/gcc/arm-none-eabi/7.3.1/../../../../arm-none-eabi/lib/thumb/v7e-m/fpv4-sp/hard\libc_nano.a(lib_a-strlen.o)
                0x0000000008000208                strlen
 .text          0x0000000008000218      0x378 c:/st/stm32cubeide_1.1.0/stm32cubeide/plugins/com.st.stm32cube.ide.mcu.externaltools.gnu-tools-for-stm32.7-2018-q2-update.win32_1.0.0.201904181610/tools/bin/../lib/gcc/arm-none-eabi/7.3.1/thumb/v7e-m/fpv4-sp/hard\libgcc.a(_arm_addsubdf3.o)
                0x0000000008000218                __aeabi_drsub
                0x0000000008000220                __aeabi_dsub
                0x0000000008000220                __subdf3
                0x0000000008000224                __aeabi_dadd
                0x0000000008000224                __adddf3
                0x000000000800049c                __floatunsidf
                0x000000000800049c                __aeabi_ui2d
                0x00000000080004bc                __floatsidf
                0x00000000080004bc                __aeabi_i2d
                0x00000000080004e0                __aeabi_f2d
                0x00000000080004e0                __extendsfdf2
                0x0000000008000524                __floatundidf
                0x0000000008000524                __aeabi_ul2d
                0x0000000008000534                __floatdidf
                0x0000000008000534                __aeabi_l2d
 .text          0x0000000008000590      0x424 c:/st/stm32cubeide_1.1.0/stm32cubeide/plugins/com.st.stm32cube.ide.mcu.externaltools.gnu-tools-for-stm32.7-2018-q2-update.win32_1.0.0.201904181610/tools/bin/../lib/gcc/arm-none-eabi/7.3.1/thumb/v7e-m/fpv4-sp/hard\libgcc.a(_arm_muldivdf3.o)
                0x0000000008000590                __aeabi_dmul
                0x0000000008000590                __muldf3
                0x00000000080007e4                __divdf3
                0x00000000080007e4                __aeabi_ddiv
 .text          0x00000000080009b4       0x30 c:/st/stm32cubeide_1.1.0/stm32cubeide/plugins/com.st.stm32cube.ide.mcu.externaltools.gnu-tools-for-stm32.7-2018-q2-update.win32_1.0.0.201904181610/tools/bin/../lib/gcc/arm-none-eabi/7.3.1/thumb/v7e-m/fpv4-sp/hard\libgcc.a(_aeabi_uldivmod.o)
                0x00000000080009b4                __aeabi_uldivmod
 .text          0x00000000080009e4      0x578 c:/st/stm32cubeide_1.1.0/stm32cubeide/plugins/com.st.stm32cube.ide.mcu.externaltools.gnu-tools-for-stm32.7-2018-q2-update.win32_1.0.0.201904181610/tools/bin/../lib/gcc/arm-none-eabi/7.3.1/thumb/v7e-m/fpv4-sp/hard\libgcc.a(_divdc3.o)
                0x00000000080009e4                __divdc3
 .text          0x0000000008000f5c      0x2cc c:/st/stm32cubeide_1.1.0/stm32cubeide/plugins/com.st.stm32cube.ide.mcu.externaltools.gnu-tools-for-stm32.7-2018-q2-update.win32_1.0.0.201904181610/tools/bin/../lib/gcc/arm-none-eabi/7.3.1/thumb/v7e-m/fpv4-sp/hard\libgcc.a(_udivmoddi4.o)
                0x0000000008000f5c                __udivmoddi4
 .text          0x0000000008001228        0x4 c:/st/stm32cubeide_1.1.0/stm32cubeide/plugins/com.st.stm32cube.ide.mcu.externaltools.gnu-tools-for-stm32.7-2018-q2-update.win32_1.0.0.201904181610/tools/bin/../lib/gcc/arm-none-eabi/7.3.1/thumb/v7e-m/fpv4-sp/hard\libgcc.a(_dvmd_tls.o)
                0x0000000008001228                __aeabi_idiv0
                0x0000000008001228                __aeabi_ldiv0
 .text          0x000000000800122c      0x110 c:/st/stm32cubeide_1.1.0/stm32cubeide/plugins/com.st.stm32cube.ide.mcu.externaltools.gnu-tools-for-stm32.7-2018-q2-update.win32_1.0.0.201904181610/tools/bin/../lib/gcc/arm-none-eabi/7.3.1/thumb/v7e-m/fpv4-sp/hard\libgcc.a(_arm_cmpdf2.o)
                0x000000000800122c                __gtdf2
                0x000000000800122c                __gedf2
                0x0000000008001234                __ltdf2
                0x0000000008001234                __ledf2
                0x000000000800123c                __nedf2
                0x000000000800123c                __eqdf2
                0x000000000800123c                __cmpdf2
                0x00000000080012b8                __aeabi_cdrcmple
                0x00000000080012c8                __aeabi_cdcmpeq
                0x00000000080012c8                __aeabi_cdcmple
                0x00000000080012d8                __aeabi_dcmpeq
                0x00000000080012ec                __aeabi_dcmplt
                0x0000000008001300                __aeabi_dcmple
                0x0000000008001314                __aeabi_dcmpge
                0x0000000008001328                __aeabi_dcmpgt
 *(.text*)
 .text.MenuHandler
                0x000000000800133c       0x88 Core/Src/main.o
                0x000000000800133c                MenuHandler
 .text.AffHandler
                0x00000000080013c4       0x48 Core/Src/main.o
                0x00000000080013c4                AffHandler
 .text.RegHandler
                0x000000000800140c       0x40 Core/Src/main.o
                0x000000000800140c                RegHandler
 .text.Reg_FreqHandler
                0x000000000800144c       0x50 Core/Src/main.o
                0x000000000800144c                Reg_FreqHandler
 .text.Autres_RegHandler
                0x000000000800149c       0x22 Core/Src/main.o
                0x000000000800149c                Autres_RegHandler
 *fill*         0x00000000080014be        0x2 
 .text.Choix_Calib_ConfirmHandler
                0x00000000080014c0       0x6c Core/Src/main.o
                0x00000000080014c0                Choix_Calib_ConfirmHandler
 *fill*         0x000000000800152c        0x4 
 .text.main     0x0000000008001530      0x304 Core/Src/main.o
                0x0000000008001530                main
 .text.SystemClock_Config
                0x0000000008001834      0x108 Core/Src/main.o
                0x0000000008001834                SystemClock_Config
 .text.MX_USART3_UART_Init
                0x000000000800193c       0x54 Core/Src/main.o
 .text.MX_USB_OTG_FS_PCD_Init
                0x0000000008001990       0x60 Core/Src/main.o
 .text.MX_GPIO_Init
                0x00000000080019f0      0x178 Core/Src/main.o
 .text.Read_Event
                0x0000000008001b68       0x60 Core/Src/main.o
                0x0000000008001b68                Read_Event
 .text.Error_Handler
                0x0000000008001bc8        0xe Core/Src/main.o
                0x0000000008001bc8                Error_Handler
 *fill*         0x0000000008001bd6        0x2 
 .text.HAL_MspInit
                0x0000000008001bd8       0x50 Core/Src/stm32f4xx_hal_msp.o
                0x0000000008001bd8                HAL_MspInit
 .text.HAL_UART_MspInit
                0x0000000008001c28       0x90 Core/Src/stm32f4xx_hal_msp.o
                0x0000000008001c28                HAL_UART_MspInit
 .text.HAL_PCD_MspInit
                0x0000000008001cb8       0xb4 Core/Src/stm32f4xx_hal_msp.o
                0x0000000008001cb8                HAL_PCD_MspInit
 .text.NMI_Handler
                0x0000000008001d6c        0xe Core/Src/stm32f4xx_it.o
                0x0000000008001d6c                NMI_Handler
 .text.HardFault_Handler
                0x0000000008001d7a        0x6 Core/Src/stm32f4xx_it.o
                0x0000000008001d7a                HardFault_Handler
 .text.MemManage_Handler
                0x0000000008001d80        0x6 Core/Src/stm32f4xx_it.o
                0x0000000008001d80                MemManage_Handler
 .text.BusFault_Handler
                0x0000000008001d86        0x6 Core/Src/stm32f4xx_it.o
                0x0000000008001d86                BusFault_Handler
 .text.UsageFault_Handler
                0x0000000008001d8c        0x6 Core/Src/stm32f4xx_it.o
                0x0000000008001d8c                UsageFault_Handler
 .text.SVC_Handler
                0x0000000008001d92        0xe Core/Src/stm32f4xx_it.o
                0x0000000008001d92                SVC_Handler
 .text.DebugMon_Handler
                0x0000000008001da0        0xe Core/Src/stm32f4xx_it.o
                0x0000000008001da0                DebugMon_Handler
 .text.PendSV_Handler
                0x0000000008001dae        0xe Core/Src/stm32f4xx_it.o
                0x0000000008001dae                PendSV_Handler
 .text.SysTick_Handler
                0x0000000008001dbc        0xc Core/Src/stm32f4xx_it.o
                0x0000000008001dbc                SysTick_Handler
 .text.SystemInit
                0x0000000008001dc8       0x2c Core/Src/system_stm32f4xx.o
                0x0000000008001dc8                SystemInit
 .text.Reset_Handler
                0x0000000008001df4       0x50 Core/Startup/startup_stm32f412zgtx.o
                0x0000000008001df4                Reset_Handler
 .text.Default_Handler
                0x0000000008001e44        0x2 Core/Startup/startup_stm32f412zgtx.o
                0x0000000008001e44                RTC_Alarm_IRQHandler
                0x0000000008001e44                EXTI2_IRQHandler
                0x0000000008001e44                TIM8_CC_IRQHandler
                0x0000000008001e44                FMPI2C1_EV_IRQHandler
                0x0000000008001e44                SPI4_IRQHandler
                0x0000000008001e44                TIM1_CC_IRQHandler
                0x0000000008001e44                DMA2_Stream5_IRQHandler
                0x0000000008001e44                DMA1_Stream5_IRQHandler
                0x0000000008001e44                TIM6_IRQHandler
                0x0000000008001e44                PVD_IRQHandler
                0x0000000008001e44                SDIO_IRQHandler
                0x0000000008001e44                TAMP_STAMP_IRQHandler
                0x0000000008001e44                CAN2_RX1_IRQHandler
                0x0000000008001e44                EXTI3_IRQHandler
                0x0000000008001e44                TIM8_TRG_COM_TIM14_IRQHandler
                0x0000000008001e44                DFSDM1_FLT1_IRQHandler
                0x0000000008001e44                TIM1_UP_TIM10_IRQHandler
                0x0000000008001e44                TIM8_UP_TIM13_IRQHandler
                0x0000000008001e44                I2C3_ER_IRQHandler
                0x0000000008001e44                EXTI0_IRQHandler
                0x0000000008001e44                I2C2_EV_IRQHandler
                0x0000000008001e44                DMA1_Stream2_IRQHandler
                0x0000000008001e44                CAN1_RX0_IRQHandler
                0x0000000008001e44                FPU_IRQHandler
                0x0000000008001e44                CAN2_SCE_IRQHandler
                0x0000000008001e44                DMA2_Stream2_IRQHandler
                0x0000000008001e44                SPI1_IRQHandler
                0x0000000008001e44                TIM1_BRK_TIM9_IRQHandler
                0x0000000008001e44                CAN2_RX0_IRQHandler
                0x0000000008001e44                DMA2_Stream3_IRQHandler
                0x0000000008001e44                USART6_IRQHandler
                0x0000000008001e44                USART3_IRQHandler
                0x0000000008001e44                CAN1_RX1_IRQHandler
                0x0000000008001e44                DMA2_Stream0_IRQHandler
                0x0000000008001e44                TIM4_IRQHandler
                0x0000000008001e44                QUADSPI_IRQHandler
                0x0000000008001e44                I2C1_EV_IRQHandler
                0x0000000008001e44                DMA1_Stream6_IRQHandler
                0x0000000008001e44                DMA1_Stream1_IRQHandler
                0x0000000008001e44                TIM3_IRQHandler
                0x0000000008001e44                RCC_IRQHandler
                0x0000000008001e44                TIM8_BRK_TIM12_IRQHandler
                0x0000000008001e44                Default_Handler
                0x0000000008001e44                EXTI15_10_IRQHandler
                0x0000000008001e44                ADC_IRQHandler
                0x0000000008001e44                DMA1_Stream7_IRQHandler
                0x0000000008001e44                SPI5_IRQHandler
                0x0000000008001e44                TIM7_IRQHandler
                0x0000000008001e44                CAN2_TX_IRQHandler
                0x0000000008001e44                TIM5_IRQHandler
                0x0000000008001e44                DMA2_Stream7_IRQHandler
                0x0000000008001e44                I2C3_EV_IRQHandler
                0x0000000008001e44                EXTI9_5_IRQHandler
                0x0000000008001e44                RTC_WKUP_IRQHandler
                0x0000000008001e44                SPI2_IRQHandler
                0x0000000008001e44                DMA1_Stream0_IRQHandler
                0x0000000008001e44                CAN1_TX_IRQHandler
                0x0000000008001e44                FMPI2C1_ER_IRQHandler
                0x0000000008001e44                EXTI4_IRQHandler
                0x0000000008001e44                RNG_IRQHandler
                0x0000000008001e44                WWDG_IRQHandler
                0x0000000008001e44                TIM2_IRQHandler
                0x0000000008001e44                OTG_FS_WKUP_IRQHandler
                0x0000000008001e44                TIM1_TRG_COM_TIM11_IRQHandler
                0x0000000008001e44                EXTI1_IRQHandler
                0x0000000008001e44                USART2_IRQHandler
                0x0000000008001e44                DFSDM1_FLT0_IRQHandler
                0x0000000008001e44                I2C2_ER_IRQHandler
                0x0000000008001e44                DMA2_Stream1_IRQHandler
                0x0000000008001e44                CAN1_SCE_IRQHandler
                0x0000000008001e44                FLASH_IRQHandler
                0x0000000008001e44                DMA2_Stream4_IRQHandler
                0x0000000008001e44                USART1_IRQHandler
                0x0000000008001e44                OTG_FS_IRQHandler
                0x0000000008001e44                SPI3_IRQHandler
                0x0000000008001e44                DMA1_Stream4_IRQHandler
                0x0000000008001e44                I2C1_ER_IRQHandler
                0x0000000008001e44                DMA2_Stream6_IRQHandler
                0x0000000008001e44                DMA1_Stream3_IRQHandler
 *fill*         0x0000000008001e46        0x2 
 .text.HAL_Init
                0x0000000008001e48       0x44 Drivers/STM32F4xx_HAL_Driver/Src/stm32f4xx_hal.o
                0x0000000008001e48                HAL_Init
 .text.HAL_InitTick
                0x0000000008001e8c       0x60 Drivers/STM32F4xx_HAL_Driver/Src/stm32f4xx_hal.o
                0x0000000008001e8c                HAL_InitTick
 .text.HAL_IncTick
                0x0000000008001eec       0x28 Drivers/STM32F4xx_HAL_Driver/Src/stm32f4xx_hal.o
                0x0000000008001eec                HAL_IncTick
 .text.HAL_GetTick
                0x0000000008001f14       0x18 Drivers/STM32F4xx_HAL_Driver/Src/stm32f4xx_hal.o
                0x0000000008001f14                HAL_GetTick
 .text.HAL_Delay
                0x0000000008001f2c       0x44 Drivers/STM32F4xx_HAL_Driver/Src/stm32f4xx_hal.o
                0x0000000008001f2c                HAL_Delay
 .text.__NVIC_SetPriorityGrouping
                0x0000000008001f70       0x48 Drivers/STM32F4xx_HAL_Driver/Src/stm32f4xx_hal_cortex.o
 .text.__NVIC_GetPriorityGrouping
                0x0000000008001fb8       0x1c Drivers/STM32F4xx_HAL_Driver/Src/stm32f4xx_hal_cortex.o
 .text.__NVIC_SetPriority
                0x0000000008001fd4       0x54 Drivers/STM32F4xx_HAL_Driver/Src/stm32f4xx_hal_cortex.o
 .text.NVIC_EncodePriority
                0x0000000008002028       0x66 Drivers/STM32F4xx_HAL_Driver/Src/stm32f4xx_hal_cortex.o
 *fill*         0x000000000800208e        0x2 
 .text.SysTick_Config
                0x0000000008002090       0x44 Drivers/STM32F4xx_HAL_Driver/Src/stm32f4xx_hal_cortex.o
 .text.HAL_NVIC_SetPriorityGrouping
                0x00000000080020d4       0x16 Drivers/STM32F4xx_HAL_Driver/Src/stm32f4xx_hal_cortex.o
                0x00000000080020d4                HAL_NVIC_SetPriorityGrouping
 .text.HAL_NVIC_SetPriority
                0x00000000080020ea       0x38 Drivers/STM32F4xx_HAL_Driver/Src/stm32f4xx_hal_cortex.o
                0x00000000080020ea                HAL_NVIC_SetPriority
 .text.HAL_SYSTICK_Config
                0x0000000008002122       0x18 Drivers/STM32F4xx_HAL_Driver/Src/stm32f4xx_hal_cortex.o
                0x0000000008002122                HAL_SYSTICK_Config
 *fill*         0x000000000800213a        0x2 
 .text.HAL_GPIO_Init
                0x000000000800213c      0x324 Drivers/STM32F4xx_HAL_Driver/Src/stm32f4xx_hal_gpio.o
                0x000000000800213c                HAL_GPIO_Init
 .text.HAL_GPIO_ReadPin
                0x0000000008002460       0x30 Drivers/STM32F4xx_HAL_Driver/Src/stm32f4xx_hal_gpio.o
                0x0000000008002460                HAL_GPIO_ReadPin
 .text.HAL_GPIO_WritePin
                0x0000000008002490       0x32 Drivers/STM32F4xx_HAL_Driver/Src/stm32f4xx_hal_gpio.o
                0x0000000008002490                HAL_GPIO_WritePin
 .text.HAL_PCD_Init
                0x00000000080024c2      0x248 Drivers/STM32F4xx_HAL_Driver/Src/stm32f4xx_hal_pcd.o
                0x00000000080024c2                HAL_PCD_Init
 .text.HAL_PCDEx_ActivateLPM
                0x000000000800270a       0x48 Drivers/STM32F4xx_HAL_Driver/Src/stm32f4xx_hal_pcd_ex.o
                0x000000000800270a                HAL_PCDEx_ActivateLPM
 *fill*         0x0000000008002752        0x2 
 .text.HAL_RCC_ClockConfig
                0x0000000008002754      0x1cc Drivers/STM32F4xx_HAL_Driver/Src/stm32f4xx_hal_rcc.o
                0x0000000008002754                HAL_RCC_ClockConfig
 .text.HAL_RCC_GetSysClockFreq
                0x0000000008002920      0x1b0 Drivers/STM32F4xx_HAL_Driver/Src/stm32f4xx_hal_rcc.o
                0x0000000008002920                HAL_RCC_GetSysClockFreq
 .text.HAL_RCC_GetHCLKFreq
                0x0000000008002ad0       0x18 Drivers/STM32F4xx_HAL_Driver/Src/stm32f4xx_hal_rcc.o
                0x0000000008002ad0                HAL_RCC_GetHCLKFreq
 .text.HAL_RCC_GetPCLK1Freq
                0x0000000008002ae8       0x28 Drivers/STM32F4xx_HAL_Driver/Src/stm32f4xx_hal_rcc.o
                0x0000000008002ae8                HAL_RCC_GetPCLK1Freq
 .text.HAL_RCC_GetPCLK2Freq
                0x0000000008002b10       0x28 Drivers/STM32F4xx_HAL_Driver/Src/stm32f4xx_hal_rcc.o
                0x0000000008002b10                HAL_RCC_GetPCLK2Freq
 .text.HAL_RCCEx_PeriphCLKConfig
                0x0000000008002b38      0x39c Drivers/STM32F4xx_HAL_Driver/Src/stm32f4xx_hal_rcc_ex.o
                0x0000000008002b38                HAL_RCCEx_PeriphCLKConfig
 .text.HAL_RCC_OscConfig
                0x0000000008002ed4      0x484 Drivers/STM32F4xx_HAL_Driver/Src/stm32f4xx_hal_rcc_ex.o
                0x0000000008002ed4                HAL_RCC_OscConfig
 .text.HAL_UART_Init
                0x0000000008003358       0x9a Drivers/STM32F4xx_HAL_Driver/Src/stm32f4xx_hal_uart.o
                0x0000000008003358                HAL_UART_Init
 *fill*         0x00000000080033f2        0x2 
 .text.UART_SetConfig
                0x00000000080033f4      0x6f8 Drivers/STM32F4xx_HAL_Driver/Src/stm32f4xx_hal_uart.o
 .text.USB_CoreInit
                0x0000000008003aec       0xc2 Drivers/STM32F4xx_HAL_Driver/Src/stm32f4xx_ll_usb.o
                0x0000000008003aec                USB_CoreInit
 .text.USB_DisableGlobalInt
                0x0000000008003bae       0x22 Drivers/STM32F4xx_HAL_Driver/Src/stm32f4xx_ll_usb.o
                0x0000000008003bae                USB_DisableGlobalInt
 .text.USB_SetCurrentMode
                0x0000000008003bd0       0x54 Drivers/STM32F4xx_HAL_Driver/Src/stm32f4xx_ll_usb.o
                0x0000000008003bd0                USB_SetCurrentMode
 .text.USB_DevInit
                0x0000000008003c24      0x2bc Drivers/STM32F4xx_HAL_Driver/Src/stm32f4xx_ll_usb.o
                0x0000000008003c24                USB_DevInit
 .text.USB_FlushTxFifo
                0x0000000008003ee0       0x4c Drivers/STM32F4xx_HAL_Driver/Src/stm32f4xx_ll_usb.o
                0x0000000008003ee0                USB_FlushTxFifo
 .text.USB_FlushRxFifo
                0x0000000008003f2c       0x44 Drivers/STM32F4xx_HAL_Driver/Src/stm32f4xx_ll_usb.o
                0x0000000008003f2c                USB_FlushRxFifo
 .text.USB_SetDevSpeed
                0x0000000008003f70       0x32 Drivers/STM32F4xx_HAL_Driver/Src/stm32f4xx_ll_usb.o
                0x0000000008003f70                USB_SetDevSpeed
 .text.USB_DevDisconnect
                0x0000000008003fa2       0x42 Drivers/STM32F4xx_HAL_Driver/Src/stm32f4xx_ll_usb.o
                0x0000000008003fa2                USB_DevDisconnect
 .text.USB_CoreReset
                0x0000000008003fe4       0x68 Drivers/STM32F4xx_HAL_Driver/Src/stm32f4xx_ll_usb.o
 .text.__libc_init_array
                0x000000000800404c       0x48 c:/st/stm32cubeide_1.1.0/stm32cubeide/plugins/com.st.stm32cube.ide.mcu.externaltools.gnu-tools-for-stm32.7-2018-q2-update.win32_1.0.0.201904181610/tools/bin/../lib/gcc/arm-none-eabi/7.3.1/../../../../arm-none-eabi/lib/thumb/v7e-m/fpv4-sp/hard\libc_nano.a(lib_a-init.o)
                0x000000000800404c                __libc_init_array
 .text.memset   0x0000000008004094       0x10 c:/st/stm32cubeide_1.1.0/stm32cubeide/plugins/com.st.stm32cube.ide.mcu.externaltools.gnu-tools-for-stm32.7-2018-q2-update.win32_1.0.0.201904181610/tools/bin/../lib/gcc/arm-none-eabi/7.3.1/../../../../arm-none-eabi/lib/thumb/v7e-m/fpv4-sp/hard\libc_nano.a(lib_a-memset.o)
                0x0000000008004094                memset
 *(.glue_7)
 .glue_7        0x00000000080040a4        0x0 linker stubs
 *(.glue_7t)
 .glue_7t       0x00000000080040a4        0x0 linker stubs
 *(.eh_frame)
 .eh_frame      0x00000000080040a4        0x0 c:/st/stm32cubeide_1.1.0/stm32cubeide/plugins/com.st.stm32cube.ide.mcu.externaltools.gnu-tools-for-stm32.7-2018-q2-update.win32_1.0.0.201904181610/tools/bin/../lib/gcc/arm-none-eabi/7.3.1/thumb/v7e-m/fpv4-sp/hard/crtbegin.o
 *(.init)
 .init          0x00000000080040a4        0x4 c:/st/stm32cubeide_1.1.0/stm32cubeide/plugins/com.st.stm32cube.ide.mcu.externaltools.gnu-tools-for-stm32.7-2018-q2-update.win32_1.0.0.201904181610/tools/bin/../lib/gcc/arm-none-eabi/7.3.1/thumb/v7e-m/fpv4-sp/hard/crti.o
                0x00000000080040a4                _init
 .init          0x00000000080040a8        0x8 c:/st/stm32cubeide_1.1.0/stm32cubeide/plugins/com.st.stm32cube.ide.mcu.externaltools.gnu-tools-for-stm32.7-2018-q2-update.win32_1.0.0.201904181610/tools/bin/../lib/gcc/arm-none-eabi/7.3.1/thumb/v7e-m/fpv4-sp/hard/crtn.o
 *(.fini)
 .fini          0x00000000080040b0        0x4 c:/st/stm32cubeide_1.1.0/stm32cubeide/plugins/com.st.stm32cube.ide.mcu.externaltools.gnu-tools-for-stm32.7-2018-q2-update.win32_1.0.0.201904181610/tools/bin/../lib/gcc/arm-none-eabi/7.3.1/thumb/v7e-m/fpv4-sp/hard/crti.o
                0x00000000080040b0                _fini
 .fini          0x00000000080040b4        0x8 c:/st/stm32cubeide_1.1.0/stm32cubeide/plugins/com.st.stm32cube.ide.mcu.externaltools.gnu-tools-for-stm32.7-2018-q2-update.win32_1.0.0.201904181610/tools/bin/../lib/gcc/arm-none-eabi/7.3.1/thumb/v7e-m/fpv4-sp/hard/crtn.o
                0x00000000080040bc                . = ALIGN (0x4)
                0x00000000080040bc                _etext = .

.vfp11_veneer   0x00000000080040bc        0x0
 .vfp11_veneer  0x00000000080040bc        0x0 linker stubs

.v4_bx          0x00000000080040bc        0x0
 .v4_bx         0x00000000080040bc        0x0 linker stubs

.iplt           0x00000000080040bc        0x0
 .iplt          0x00000000080040bc        0x0 c:/st/stm32cubeide_1.1.0/stm32cubeide/plugins/com.st.stm32cube.ide.mcu.externaltools.gnu-tools-for-stm32.7-2018-q2-update.win32_1.0.0.201904181610/tools/bin/../lib/gcc/arm-none-eabi/7.3.1/thumb/v7e-m/fpv4-sp/hard/crtbegin.o

.rodata         0x00000000080040c0       0x40
                0x00000000080040c0                . = ALIGN (0x4)
 *(.rodata)
 .rodata        0x00000000080040c0       0x28 Core/Src/main.o
 *(.rodata*)
 .rodata.AHBPrescTable
                0x00000000080040e8       0x10 Core/Src/system_stm32f4xx.o
                0x00000000080040e8                AHBPrescTable
 .rodata.APBPrescTable
                0x00000000080040f8        0x8 Core/Src/system_stm32f4xx.o
                0x00000000080040f8                APBPrescTable
                0x0000000008004100                . = ALIGN (0x4)

.ARM.extab      0x0000000008004100        0x0
                0x0000000008004100                . = ALIGN (0x4)
 *(.ARM.extab* .gnu.linkonce.armextab.*)
                0x0000000008004100                . = ALIGN (0x4)

.ARM            0x0000000008004100        0x8
                0x0000000008004100                . = ALIGN (0x4)
                0x0000000008004100                __exidx_start = .
 *(.ARM.exidx*)
 .ARM.exidx     0x0000000008004100        0x8 c:/st/stm32cubeide_1.1.0/stm32cubeide/plugins/com.st.stm32cube.ide.mcu.externaltools.gnu-tools-for-stm32.7-2018-q2-update.win32_1.0.0.201904181610/tools/bin/../lib/gcc/arm-none-eabi/7.3.1/thumb/v7e-m/fpv4-sp/hard\libgcc.a(_udivmoddi4.o)
                0x0000000008004108                __exidx_end = .
                0x0000000008004108                . = ALIGN (0x4)

.rel.dyn        0x0000000008004108        0x0
 .rel.iplt      0x0000000008004108        0x0 c:/st/stm32cubeide_1.1.0/stm32cubeide/plugins/com.st.stm32cube.ide.mcu.externaltools.gnu-tools-for-stm32.7-2018-q2-update.win32_1.0.0.201904181610/tools/bin/../lib/gcc/arm-none-eabi/7.3.1/thumb/v7e-m/fpv4-sp/hard/crtbegin.o

.preinit_array  0x0000000008004108        0x0
                0x0000000008004108                . = ALIGN (0x4)
                0x0000000008004108                PROVIDE (__preinit_array_start = .)
 *(.preinit_array*)
                0x0000000008004108                PROVIDE (__preinit_array_end = .)
                0x0000000008004108                . = ALIGN (0x4)

.init_array     0x0000000008004108        0x4
                0x0000000008004108                . = ALIGN (0x4)
                0x0000000008004108                PROVIDE (__init_array_start = .)
 *(SORT_BY_NAME(.init_array.*))
 *(.init_array*)
 .init_array    0x0000000008004108        0x4 c:/st/stm32cubeide_1.1.0/stm32cubeide/plugins/com.st.stm32cube.ide.mcu.externaltools.gnu-tools-for-stm32.7-2018-q2-update.win32_1.0.0.201904181610/tools/bin/../lib/gcc/arm-none-eabi/7.3.1/thumb/v7e-m/fpv4-sp/hard/crtbegin.o
                0x000000000800410c                PROVIDE (__init_array_end = .)
                0x000000000800410c                . = ALIGN (0x4)

.fini_array     0x000000000800410c        0x4
                0x000000000800410c                . = ALIGN (0x4)
                [!provide]                        PROVIDE (__fini_array_start = .)
 *(SORT_BY_NAME(.fini_array.*))
 *(.fini_array*)
 .fini_array    0x000000000800410c        0x4 c:/st/stm32cubeide_1.1.0/stm32cubeide/plugins/com.st.stm32cube.ide.mcu.externaltools.gnu-tools-for-stm32.7-2018-q2-update.win32_1.0.0.201904181610/tools/bin/../lib/gcc/arm-none-eabi/7.3.1/thumb/v7e-m/fpv4-sp/hard/crtbegin.o
                [!provide]                        PROVIDE (__fini_array_end = .)
                0x0000000008004110                . = ALIGN (0x4)
                0x0000000008004110                _sidata = LOADADDR (.data)

.data           0x0000000020000000       0x40 load address 0x0000000008004110
                0x0000000020000000                . = ALIGN (0x4)
                0x0000000020000000                _sdata = .
 *(.data)
 *(.data*)
 .data.Ftest    0x0000000020000000        0x4 Core/Src/main.o
                0x0000000020000000                Ftest
 .data.asStateMachine
                0x0000000020000004       0x30 Core/Src/main.o
                0x0000000020000004                asStateMachine
 .data.SystemCoreClock
                0x0000000020000034        0x4 Core/Src/system_stm32f4xx.o
                0x0000000020000034                SystemCoreClock
 .data.uwTickPrio
                0x0000000020000038        0x4 Drivers/STM32F4xx_HAL_Driver/Src/stm32f4xx_hal.o
                0x0000000020000038                uwTickPrio
 .data.uwTickFreq
                0x000000002000003c        0x1 Drivers/STM32F4xx_HAL_Driver/Src/stm32f4xx_hal.o
                0x000000002000003c                uwTickFreq
                0x0000000020000040                . = ALIGN (0x4)
 *fill*         0x000000002000003d        0x3 
                0x0000000020000040                _edata = .

.igot.plt       0x0000000020000040        0x0 load address 0x0000000008004150
 .igot.plt      0x0000000020000040        0x0 c:/st/stm32cubeide_1.1.0/stm32cubeide/plugins/com.st.stm32cube.ide.mcu.externaltools.gnu-tools-for-stm32.7-2018-q2-update.win32_1.0.0.201904181610/tools/bin/../lib/gcc/arm-none-eabi/7.3.1/thumb/v7e-m/fpv4-sp/hard/crtbegin.o
                0x0000000020000040                . = ALIGN (0x4)

.bss            0x0000000020000040      0x50c load address 0x0000000008004150
                0x0000000020000040                _sbss = .
                0x0000000020000040                __bss_start__ = _sbss
 *(.bss)
 .bss           0x0000000020000040       0x1c c:/st/stm32cubeide_1.1.0/stm32cubeide/plugins/com.st.stm32cube.ide.mcu.externaltools.gnu-tools-for-stm32.7-2018-q2-update.win32_1.0.0.201904181610/tools/bin/../lib/gcc/arm-none-eabi/7.3.1/thumb/v7e-m/fpv4-sp/hard/crtbegin.o
 *(.bss*)
 .bss.debounce  0x000000002000005c        0x1 Core/Src/main.o
                0x000000002000005c                debounce
 *fill*         0x000000002000005d        0x3 
 .bss.freq      0x0000000020000060        0x4 Core/Src/main.o
                0x0000000020000060                freq
 .bss.Calib     0x0000000020000064        0xa Core/Src/main.o
                0x0000000020000064                Calib
 *fill*         0x000000002000006e        0x2 
 .bss.Compo     0x0000000020000070        0xa Core/Src/main.o
                0x0000000020000070                Compo
 *(COMMON)
 *fill*         0x000000002000007a        0x6 
 COMMON         0x0000000020000080      0x4c8 Core/Src/main.o
                0x0000000020000080                Utab
                0x0000000020000088                eState
                0x000000002000008c                huart3
                0x00000000200000cc                eNextState
                0x00000000200000d0                Itab
                0x00000000200000d8                hpcd_USB_OTG_FS
                0x00000000200004e0                C
                0x00000000200004e8                i
                0x00000000200004f8                val
                0x0000000020000500                eNewEvent
                0x0000000020000508                L
                0x0000000020000510                im
                0x0000000020000520                R
                0x0000000020000528                Z
                0x0000000020000538                u
 COMMON         0x0000000020000548        0x4 Drivers/STM32F4xx_HAL_Driver/Src/stm32f4xx_hal.o
                0x0000000020000548                uwTick
                0x000000002000054c                . = ALIGN (0x4)
                0x000000002000054c                _ebss = .
                0x000000002000054c                __bss_end__ = _ebss

._user_heap_stack
                0x000000002000054c      0x604 load address 0x0000000008004150
                0x0000000020000550                . = ALIGN (0x8)
 *fill*         0x000000002000054c        0x4 
                0x0000000020000550                PROVIDE (end = .)
                [!provide]                        PROVIDE (_end = .)
                0x0000000020000750                . = (. + _Min_Heap_Size)
 *fill*         0x0000000020000550      0x200 
                0x0000000020000b50                . = (. + _Min_Stack_Size)
 *fill*         0x0000000020000750      0x400 
                0x0000000020000b50                . = ALIGN (0x8)

/DISCARD/
 libc.a(*)
 libm.a(*)
 libgcc.a(*)

.ARM.attributes
                0x0000000000000000       0x30
 *(.ARM.attributes)
 .ARM.attributes
                0x0000000000000000       0x22 c:/st/stm32cubeide_1.1.0/stm32cubeide/plugins/com.st.stm32cube.ide.mcu.externaltools.gnu-tools-for-stm32.7-2018-q2-update.win32_1.0.0.201904181610/tools/bin/../lib/gcc/arm-none-eabi/7.3.1/thumb/v7e-m/fpv4-sp/hard/crti.o
 .ARM.attributes
                0x0000000000000022       0x34 c:/st/stm32cubeide_1.1.0/stm32cubeide/plugins/com.st.stm32cube.ide.mcu.externaltools.gnu-tools-for-stm32.7-2018-q2-update.win32_1.0.0.201904181610/tools/bin/../lib/gcc/arm-none-eabi/7.3.1/thumb/v7e-m/fpv4-sp/hard/crtbegin.o
 .ARM.attributes
                0x0000000000000056       0x39 Core/Src/main.o
 .ARM.attributes
                0x000000000000008f       0x39 Core/Src/stm32f4xx_hal_msp.o
 .ARM.attributes
                0x00000000000000c8       0x39 Core/Src/stm32f4xx_it.o
 .ARM.attributes
                0x0000000000000101       0x39 Core/Src/system_stm32f4xx.o
 .ARM.attributes
                0x000000000000013a       0x21 Core/Startup/startup_stm32f412zgtx.o
 .ARM.attributes
                0x000000000000015b       0x39 Drivers/STM32F4xx_HAL_Driver/Src/stm32f4xx_hal.o
 .ARM.attributes
                0x0000000000000194       0x39 Drivers/STM32F4xx_HAL_Driver/Src/stm32f4xx_hal_cortex.o
 .ARM.attributes
                0x00000000000001cd       0x39 Drivers/STM32F4xx_HAL_Driver/Src/stm32f4xx_hal_gpio.o
 .ARM.attributes
                0x0000000000000206       0x39 Drivers/STM32F4xx_HAL_Driver/Src/stm32f4xx_hal_pcd.o
 .ARM.attributes
                0x000000000000023f       0x39 Drivers/STM32F4xx_HAL_Driver/Src/stm32f4xx_hal_pcd_ex.o
 .ARM.attributes
                0x0000000000000278       0x39 Drivers/STM32F4xx_HAL_Driver/Src/stm32f4xx_hal_rcc.o
 .ARM.attributes
                0x00000000000002b1       0x39 Drivers/STM32F4xx_HAL_Driver/Src/stm32f4xx_hal_rcc_ex.o
 .ARM.attributes
                0x00000000000002ea       0x39 Drivers/STM32F4xx_HAL_Driver/Src/stm32f4xx_hal_uart.o
 .ARM.attributes
                0x0000000000000323       0x39 Drivers/STM32F4xx_HAL_Driver/Src/stm32f4xx_ll_usb.o
 .ARM.attributes
                0x000000000000035c       0x34 c:/st/stm32cubeide_1.1.0/stm32cubeide/plugins/com.st.stm32cube.ide.mcu.externaltools.gnu-tools-for-stm32.7-2018-q2-update.win32_1.0.0.201904181610/tools/bin/../lib/gcc/arm-none-eabi/7.3.1/../../../../arm-none-eabi/lib/thumb/v7e-m/fpv4-sp/hard\libc_nano.a(lib_a-init.o)
 .ARM.attributes
                0x0000000000000390       0x34 c:/st/stm32cubeide_1.1.0/stm32cubeide/plugins/com.st.stm32cube.ide.mcu.externaltools.gnu-tools-for-stm32.7-2018-q2-update.win32_1.0.0.201904181610/tools/bin/../lib/gcc/arm-none-eabi/7.3.1/../../../../arm-none-eabi/lib/thumb/v7e-m/fpv4-sp/hard\libc_nano.a(lib_a-memset.o)
 .ARM.attributes
                0x00000000000003c4       0x1b c:/st/stm32cubeide_1.1.0/stm32cubeide/plugins/com.st.stm32cube.ide.mcu.externaltools.gnu-tools-for-stm32.7-2018-q2-update.win32_1.0.0.201904181610/tools/bin/../lib/gcc/arm-none-eabi/7.3.1/../../../../arm-none-eabi/lib/thumb/v7e-m/fpv4-sp/hard\libc_nano.a(lib_a-strlen.o)
 .ARM.attributes
                0x00000000000003df       0x22 c:/st/stm32cubeide_1.1.0/stm32cubeide/plugins/com.st.stm32cube.ide.mcu.externaltools.gnu-tools-for-stm32.7-2018-q2-update.win32_1.0.0.201904181610/tools/bin/../lib/gcc/arm-none-eabi/7.3.1/thumb/v7e-m/fpv4-sp/hard\libgcc.a(_arm_addsubdf3.o)
 .ARM.attributes
                0x0000000000000401       0x22 c:/st/stm32cubeide_1.1.0/stm32cubeide/plugins/com.st.stm32cube.ide.mcu.externaltools.gnu-tools-for-stm32.7-2018-q2-update.win32_1.0.0.201904181610/tools/bin/../lib/gcc/arm-none-eabi/7.3.1/thumb/v7e-m/fpv4-sp/hard\libgcc.a(_arm_muldivdf3.o)
 .ARM.attributes
                0x0000000000000423       0x22 c:/st/stm32cubeide_1.1.0/stm32cubeide/plugins/com.st.stm32cube.ide.mcu.externaltools.gnu-tools-for-stm32.7-2018-q2-update.win32_1.0.0.201904181610/tools/bin/../lib/gcc/arm-none-eabi/7.3.1/thumb/v7e-m/fpv4-sp/hard\libgcc.a(_aeabi_uldivmod.o)
 .ARM.attributes
                0x0000000000000445       0x34 c:/st/stm32cubeide_1.1.0/stm32cubeide/plugins/com.st.stm32cube.ide.mcu.externaltools.gnu-tools-for-stm32.7-2018-q2-update.win32_1.0.0.201904181610/tools/bin/../lib/gcc/arm-none-eabi/7.3.1/thumb/v7e-m/fpv4-sp/hard\libgcc.a(_divdc3.o)
 .ARM.attributes
                0x0000000000000479       0x34 c:/st/stm32cubeide_1.1.0/stm32cubeide/plugins/com.st.stm32cube.ide.mcu.externaltools.gnu-tools-for-stm32.7-2018-q2-update.win32_1.0.0.201904181610/tools/bin/../lib/gcc/arm-none-eabi/7.3.1/thumb/v7e-m/fpv4-sp/hard\libgcc.a(_udivmoddi4.o)
 .ARM.attributes
                0x00000000000004ad       0x22 c:/st/stm32cubeide_1.1.0/stm32cubeide/plugins/com.st.stm32cube.ide.mcu.externaltools.gnu-tools-for-stm32.7-2018-q2-update.win32_1.0.0.201904181610/tools/bin/../lib/gcc/arm-none-eabi/7.3.1/thumb/v7e-m/fpv4-sp/hard\libgcc.a(_dvmd_tls.o)
 .ARM.attributes
                0x00000000000004cf       0x22 c:/st/stm32cubeide_1.1.0/stm32cubeide/plugins/com.st.stm32cube.ide.mcu.externaltools.gnu-tools-for-stm32.7-2018-q2-update.win32_1.0.0.201904181610/tools/bin/../lib/gcc/arm-none-eabi/7.3.1/thumb/v7e-m/fpv4-sp/hard\libgcc.a(_arm_cmpdf2.o)
 .ARM.attributes
                0x00000000000004f1       0x22 c:/st/stm32cubeide_1.1.0/stm32cubeide/plugins/com.st.stm32cube.ide.mcu.externaltools.gnu-tools-for-stm32.7-2018-q2-update.win32_1.0.0.201904181610/tools/bin/../lib/gcc/arm-none-eabi/7.3.1/thumb/v7e-m/fpv4-sp/hard/crtn.o
OUTPUT(State_Machine_Test.elf elf32-littlearm)

.debug_info     0x0000000000000000     0xbb33
 .debug_info    0x0000000000000000     0x1d0b Core/Src/main.o
 .debug_info    0x0000000000001d0b     0x16bf Core/Src/stm32f4xx_hal_msp.o
 .debug_info    0x00000000000033ca      0xa6c Core/Src/stm32f4xx_it.o
 .debug_info    0x0000000000003e36      0x588 Core/Src/system_stm32f4xx.o
 .debug_info    0x00000000000043be       0x22 Core/Startup/startup_stm32f412zgtx.o
 .debug_info    0x00000000000043e0      0x967 Drivers/STM32F4xx_HAL_Driver/Src/stm32f4xx_hal.o
 .debug_info    0x0000000000004d47      0xe16 Drivers/STM32F4xx_HAL_Driver/Src/stm32f4xx_hal_cortex.o
 .debug_info    0x0000000000005b5d      0x803 Drivers/STM32F4xx_HAL_Driver/Src/stm32f4xx_hal_gpio.o
 .debug_info    0x0000000000006360     0x1228 Drivers/STM32F4xx_HAL_Driver/Src/stm32f4xx_hal_pcd.o
 .debug_info    0x0000000000007588      0x8d5 Drivers/STM32F4xx_HAL_Driver/Src/stm32f4xx_hal_pcd_ex.o
 .debug_info    0x0000000000007e5d      0x944 Drivers/STM32F4xx_HAL_Driver/Src/stm32f4xx_hal_rcc.o
 .debug_info    0x00000000000087a1      0x80b Drivers/STM32F4xx_HAL_Driver/Src/stm32f4xx_hal_rcc_ex.o
 .debug_info    0x0000000000008fac     0x124c Drivers/STM32F4xx_HAL_Driver/Src/stm32f4xx_hal_uart.o
 .debug_info    0x000000000000a1f8     0x193b Drivers/STM32F4xx_HAL_Driver/Src/stm32f4xx_ll_usb.o

.debug_abbrev   0x0000000000000000     0x1bdb
 .debug_abbrev  0x0000000000000000      0x30c Core/Src/main.o
 .debug_abbrev  0x000000000000030c      0x233 Core/Src/stm32f4xx_hal_msp.o
 .debug_abbrev  0x000000000000053f      0x1c9 Core/Src/stm32f4xx_it.o
 .debug_abbrev  0x0000000000000708      0x12b Core/Src/system_stm32f4xx.o
 .debug_abbrev  0x0000000000000833       0x12 Core/Startup/startup_stm32f412zgtx.o
 .debug_abbrev  0x0000000000000845      0x1c7 Drivers/STM32F4xx_HAL_Driver/Src/stm32f4xx_hal.o
 .debug_abbrev  0x0000000000000a0c      0x2fa Drivers/STM32F4xx_HAL_Driver/Src/stm32f4xx_hal_cortex.o
 .debug_abbrev  0x0000000000000d06      0x1c9 Drivers/STM32F4xx_HAL_Driver/Src/stm32f4xx_hal_gpio.o
 .debug_abbrev  0x0000000000000ecf      0x266 Drivers/STM32F4xx_HAL_Driver/Src/stm32f4xx_hal_pcd.o
 .debug_abbrev  0x0000000000001135      0x214 Drivers/STM32F4xx_HAL_Driver/Src/stm32f4xx_hal_pcd_ex.o
 .debug_abbrev  0x0000000000001349      0x245 Drivers/STM32F4xx_HAL_Driver/Src/stm32f4xx_hal_rcc.o
 .debug_abbrev  0x000000000000158e      0x19e Drivers/STM32F4xx_HAL_Driver/Src/stm32f4xx_hal_rcc_ex.o
 .debug_abbrev  0x000000000000172c      0x242 Drivers/STM32F4xx_HAL_Driver/Src/stm32f4xx_hal_uart.o
 .debug_abbrev  0x000000000000196e      0x26d Drivers/STM32F4xx_HAL_Driver/Src/stm32f4xx_ll_usb.o

.debug_aranges  0x0000000000000000      0x9c0
 .debug_aranges
                0x0000000000000000       0x88 Core/Src/main.o
 .debug_aranges
                0x0000000000000088       0x40 Core/Src/stm32f4xx_hal_msp.o
 .debug_aranges
                0x00000000000000c8       0x60 Core/Src/stm32f4xx_it.o
 .debug_aranges
                0x0000000000000128       0x28 Core/Src/system_stm32f4xx.o
 .debug_aranges
                0x0000000000000150       0x28 Core/Startup/startup_stm32f412zgtx.o
 .debug_aranges
                0x0000000000000178       0xf0 Drivers/STM32F4xx_HAL_Driver/Src/stm32f4xx_hal.o
 .debug_aranges
                0x0000000000000268      0x118 Drivers/STM32F4xx_HAL_Driver/Src/stm32f4xx_hal_cortex.o
 .debug_aranges
                0x0000000000000380       0x58 Drivers/STM32F4xx_HAL_Driver/Src/stm32f4xx_hal_gpio.o
 .debug_aranges
                0x00000000000003d8      0x138 Drivers/STM32F4xx_HAL_Driver/Src/stm32f4xx_hal_pcd.o
 .debug_aranges
                0x0000000000000510       0x60 Drivers/STM32F4xx_HAL_Driver/Src/stm32f4xx_hal_pcd_ex.o
 .debug_aranges
                0x0000000000000570       0x88 Drivers/STM32F4xx_HAL_Driver/Src/stm32f4xx_hal_rcc.o
 .debug_aranges
                0x00000000000005f8       0x60 Drivers/STM32F4xx_HAL_Driver/Src/stm32f4xx_hal_rcc_ex.o
 .debug_aranges
                0x0000000000000658      0x1d0 Drivers/STM32F4xx_HAL_Driver/Src/stm32f4xx_hal_uart.o
 .debug_aranges
                0x0000000000000828      0x198 Drivers/STM32F4xx_HAL_Driver/Src/stm32f4xx_ll_usb.o

.debug_ranges   0x0000000000000000      0x8e8
 .debug_ranges  0x0000000000000000       0x78 Core/Src/main.o
 .debug_ranges  0x0000000000000078       0x30 Core/Src/stm32f4xx_hal_msp.o
 .debug_ranges  0x00000000000000a8       0x50 Core/Src/stm32f4xx_it.o
 .debug_ranges  0x00000000000000f8       0x18 Core/Src/system_stm32f4xx.o
 .debug_ranges  0x0000000000000110       0x20 Core/Startup/startup_stm32f412zgtx.o
 .debug_ranges  0x0000000000000130       0xe0 Drivers/STM32F4xx_HAL_Driver/Src/stm32f4xx_hal.o
 .debug_ranges  0x0000000000000210      0x108 Drivers/STM32F4xx_HAL_Driver/Src/stm32f4xx_hal_cortex.o
 .debug_ranges  0x0000000000000318       0x48 Drivers/STM32F4xx_HAL_Driver/Src/stm32f4xx_hal_gpio.o
 .debug_ranges  0x0000000000000360      0x128 Drivers/STM32F4xx_HAL_Driver/Src/stm32f4xx_hal_pcd.o
 .debug_ranges  0x0000000000000488       0x50 Drivers/STM32F4xx_HAL_Driver/Src/stm32f4xx_hal_pcd_ex.o
 .debug_ranges  0x00000000000004d8       0x78 Drivers/STM32F4xx_HAL_Driver/Src/stm32f4xx_hal_rcc.o
 .debug_ranges  0x0000000000000550       0x50 Drivers/STM32F4xx_HAL_Driver/Src/stm32f4xx_hal_rcc_ex.o
 .debug_ranges  0x00000000000005a0      0x1c0 Drivers/STM32F4xx_HAL_Driver/Src/stm32f4xx_hal_uart.o
 .debug_ranges  0x0000000000000760      0x188 Drivers/STM32F4xx_HAL_Driver/Src/stm32f4xx_ll_usb.o

.debug_macro    0x0000000000000000    0x1fb38
 .debug_macro   0x0000000000000000      0x3db Core/Src/main.o
 .debug_macro   0x00000000000003db      0xa5a Core/Src/main.o
 .debug_macro   0x0000000000000e35      0x18a Core/Src/main.o
 .debug_macro   0x0000000000000fbf       0x2e Core/Src/main.o
 .debug_macro   0x0000000000000fed       0x28 Core/Src/main.o
 .debug_macro   0x0000000000001015       0x22 Core/Src/main.o
 .debug_macro   0x0000000000001037       0x8e Core/Src/main.o
 .debug_macro   0x00000000000010c5       0x51 Core/Src/main.o
 .debug_macro   0x0000000000001116       0xef Core/Src/main.o
 .debug_macro   0x0000000000001205       0x6a Core/Src/main.o
 .debug_macro   0x000000000000126f      0x1df Core/Src/main.o
 .debug_macro   0x000000000000144e       0x1c Core/Src/main.o
 .debug_macro   0x000000000000146a       0x22 Core/Src/main.o
 .debug_macro   0x000000000000148c       0xdf Core/Src/main.o
 .debug_macro   0x000000000000156b     0x102d Core/Src/main.o
 .debug_macro   0x0000000000002598      0x11f Core/Src/main.o
 .debug_macro   0x00000000000026b7    0x14767 Core/Src/main.o
 .debug_macro   0x0000000000016e1e       0x43 Core/Src/main.o
 .debug_macro   0x0000000000016e61     0x3659 Core/Src/main.o
 .debug_macro   0x000000000001a4ba      0x174 Core/Src/main.o
 .debug_macro   0x000000000001a62e       0x5a Core/Src/main.o
 .debug_macro   0x000000000001a688      0x96b Core/Src/main.o
 .debug_macro   0x000000000001aff3      0x9fe Core/Src/main.o
 .debug_macro   0x000000000001b9f1      0x16d Core/Src/main.o
 .debug_macro   0x000000000001bb5e      0x117 Core/Src/main.o
 .debug_macro   0x000000000001bc75      0x192 Core/Src/main.o
 .debug_macro   0x000000000001be07       0x27 Core/Src/main.o
 .debug_macro   0x000000000001be2e      0x287 Core/Src/main.o
 .debug_macro   0x000000000001c0b5       0x5f Core/Src/main.o
 .debug_macro   0x000000000001c114      0x236 Core/Src/main.o
 .debug_macro   0x000000000001c34a      0x132 Core/Src/main.o
 .debug_macro   0x000000000001c47c      0x29c Core/Src/main.o
 .debug_macro   0x000000000001c718       0x2e Core/Src/main.o
 .debug_macro   0x000000000001c746      0x11a Core/Src/main.o
 .debug_macro   0x000000000001c860       0x91 Core/Src/main.o
 .debug_macro   0x000000000001c8f1       0x89 Core/Src/main.o
 .debug_macro   0x000000000001c97a      0x287 Core/Src/main.o
 .debug_macro   0x000000000001cc01      0x21e Core/Src/main.o
 .debug_macro   0x000000000001ce1f       0xba Core/Src/main.o
 .debug_macro   0x000000000001ced9      0x126 Core/Src/main.o
 .debug_macro   0x000000000001cfff       0x22 Core/Src/main.o
 .debug_macro   0x000000000001d021       0x46 Core/Src/main.o
 .debug_macro   0x000000000001d067       0x18 Core/Src/main.o
 .debug_macro   0x000000000001d07f       0x3c Core/Src/main.o
 .debug_macro   0x000000000001d0bb       0x34 Core/Src/main.o
 .debug_macro   0x000000000001d0ef       0x16 Core/Src/main.o
 .debug_macro   0x000000000001d105       0x35 Core/Src/main.o
 .debug_macro   0x000000000001d13a      0x32a Core/Src/main.o
 .debug_macro   0x000000000001d464       0x10 Core/Src/main.o
 .debug_macro   0x000000000001d474       0x52 Core/Src/main.o
 .debug_macro   0x000000000001d4c6       0x1f Core/Src/main.o
 .debug_macro   0x000000000001d4e5       0x43 Core/Src/main.o
 .debug_macro   0x000000000001d528       0x20 Core/Src/main.o
 .debug_macro   0x000000000001d548      0x1a3 Core/Src/main.o
 .debug_macro   0x000000000001d6eb       0x10 Core/Src/main.o
 .debug_macro   0x000000000001d6fb       0x1c Core/Src/main.o
 .debug_macro   0x000000000001d717       0x52 Core/Src/main.o
 .debug_macro   0x000000000001d769       0x40 Core/Src/main.o
 .debug_macro   0x000000000001d7a9       0x10 Core/Src/main.o
 .debug_macro   0x000000000001d7b9       0x40 Core/Src/main.o
 .debug_macro   0x000000000001d7f9       0xd7 Core/Src/main.o
 .debug_macro   0x000000000001d8d0       0x1c Core/Src/main.o
 .debug_macro   0x000000000001d8ec       0x3d Core/Src/main.o
 .debug_macro   0x000000000001d929       0x16 Core/Src/main.o
 .debug_macro   0x000000000001d93f      0x145 Core/Src/main.o
 .debug_macro   0x000000000001da84       0x16 Core/Src/main.o
 .debug_macro   0x000000000001da9a       0x16 Core/Src/main.o
 .debug_macro   0x000000000001dab0       0x29 Core/Src/main.o
 .debug_macro   0x000000000001dad9       0x16 Core/Src/main.o
 .debug_macro   0x000000000001daef       0x20 Core/Src/main.o
 .debug_macro   0x000000000001db0f       0x1c Core/Src/main.o
 .debug_macro   0x000000000001db2b      0x1e1 Core/Src/main.o
 .debug_macro   0x000000000001dd0c      0x1e7 Core/Src/main.o
 .debug_macro   0x000000000001def3      0x10c Core/Src/main.o
 .debug_macro   0x000000000001dfff      0x3db Core/Src/stm32f4xx_hal_msp.o
 .debug_macro   0x000000000001e3da      0x3e5 Core/Src/stm32f4xx_it.o
 .debug_macro   0x000000000001e7bf      0x1e4 Core/Src/system_stm32f4xx.o
 .debug_macro   0x000000000001e9a3      0x23e Drivers/STM32F4xx_HAL_Driver/Src/stm32f4xx_hal.o
 .debug_macro   0x000000000001ebe1      0x1de Drivers/STM32F4xx_HAL_Driver/Src/stm32f4xx_hal_cortex.o
 .debug_macro   0x000000000001edbf      0x214 Drivers/STM32F4xx_HAL_Driver/Src/stm32f4xx_hal_gpio.o
 .debug_macro   0x000000000001efd3      0x1ea Drivers/STM32F4xx_HAL_Driver/Src/stm32f4xx_hal_pcd.o
 .debug_macro   0x000000000001f1bd      0x1de Drivers/STM32F4xx_HAL_Driver/Src/stm32f4xx_hal_pcd_ex.o
 .debug_macro   0x000000000001f39b      0x202 Drivers/STM32F4xx_HAL_Driver/Src/stm32f4xx_hal_rcc.o
 .debug_macro   0x000000000001f59d      0x1de Drivers/STM32F4xx_HAL_Driver/Src/stm32f4xx_hal_rcc_ex.o
 .debug_macro   0x000000000001f77b      0x1df Drivers/STM32F4xx_HAL_Driver/Src/stm32f4xx_hal_uart.o
 .debug_macro   0x000000000001f95a      0x1de Drivers/STM32F4xx_HAL_Driver/Src/stm32f4xx_ll_usb.o

.debug_line     0x0000000000000000     0x866b
 .debug_line    0x0000000000000000      0xadc Core/Src/main.o
 .debug_line    0x0000000000000adc      0x997 Core/Src/stm32f4xx_hal_msp.o
 .debug_line    0x0000000000001473      0x9d6 Core/Src/stm32f4xx_it.o
 .debug_line    0x0000000000001e49      0x6f2 Core/Src/system_stm32f4xx.o
 .debug_line    0x000000000000253b       0x85 Core/Startup/startup_stm32f412zgtx.o
 .debug_line    0x00000000000025c0      0x8dc Drivers/STM32F4xx_HAL_Driver/Src/stm32f4xx_hal.o
 .debug_line    0x0000000000002e9c      0xa00 Drivers/STM32F4xx_HAL_Driver/Src/stm32f4xx_hal_cortex.o
 .debug_line    0x000000000000389c      0x8a7 Drivers/STM32F4xx_HAL_Driver/Src/stm32f4xx_hal_gpio.o
 .debug_line    0x0000000000004143      0xc8d Drivers/STM32F4xx_HAL_Driver/Src/stm32f4xx_hal_pcd.o
 .debug_line    0x0000000000004dd0      0x7c2 Drivers/STM32F4xx_HAL_Driver/Src/stm32f4xx_hal_pcd_ex.o
 .debug_line    0x0000000000005592      0x934 Drivers/STM32F4xx_HAL_Driver/Src/stm32f4xx_hal_rcc.o
 .debug_line    0x0000000000005ec6      0x9b6 Drivers/STM32F4xx_HAL_Driver/Src/stm32f4xx_hal_rcc_ex.o
 .debug_line    0x000000000000687c      0xfea Drivers/STM32F4xx_HAL_Driver/Src/stm32f4xx_hal_uart.o
 .debug_line    0x0000000000007866      0xe05 Drivers/STM32F4xx_HAL_Driver/Src/stm32f4xx_ll_usb.o

.debug_str      0x0000000000000000    0xbd703
 .debug_str     0x0000000000000000    0xbae9e Core/Src/main.o
                                      0xbb2f3 (size before relaxing)
 .debug_str     0x00000000000bae9e       0x7d Core/Src/stm32f4xx_hal_msp.o
                                      0xbae73 (size before relaxing)
 .debug_str     0x00000000000baf1b       0xbd Core/Src/stm32f4xx_it.o
                                      0xba5a9 (size before relaxing)
 .debug_str     0x00000000000bafd8       0xc4 Core/Src/system_stm32f4xx.o
                                      0xb48c7 (size before relaxing)
 .debug_str     0x00000000000bb09c       0x6f Core/Startup/startup_stm32f412zgtx.o
 .debug_str     0x00000000000bb10b      0xa31 Drivers/STM32F4xx_HAL_Driver/Src/stm32f4xx_hal.o
                                      0xb536e (size before relaxing)
 .debug_str     0x00000000000bbb3c      0x399 Drivers/STM32F4xx_HAL_Driver/Src/stm32f4xx_hal_cortex.o
                                      0xb5139 (size before relaxing)
 .debug_str     0x00000000000bbed5      0x20c Drivers/STM32F4xx_HAL_Driver/Src/stm32f4xx_hal_gpio.o
                                      0xb4b0c (size before relaxing)
 .debug_str     0x00000000000bc0e1      0x548 Drivers/STM32F4xx_HAL_Driver/Src/stm32f4xx_hal_pcd.o
                                      0xb50ba (size before relaxing)
 .debug_str     0x00000000000bc629      0x1b4 Drivers/STM32F4xx_HAL_Driver/Src/stm32f4xx_hal_pcd_ex.o
                                      0xb4cfe (size before relaxing)
 .debug_str     0x00000000000bc7dd      0x259 Drivers/STM32F4xx_HAL_Driver/Src/stm32f4xx_hal_rcc.o
                                      0xb4cb9 (size before relaxing)
 .debug_str     0x00000000000bca36      0x136 Drivers/STM32F4xx_HAL_Driver/Src/stm32f4xx_hal_rcc_ex.o
                                      0xb4bd8 (size before relaxing)
 .debug_str     0x00000000000bcb6c      0x521 Drivers/STM32F4xx_HAL_Driver/Src/stm32f4xx_hal_uart.o
                                      0xb50ef (size before relaxing)
 .debug_str     0x00000000000bd08d      0x676 Drivers/STM32F4xx_HAL_Driver/Src/stm32f4xx_ll_usb.o
                                      0xb51b0 (size before relaxing)

.comment        0x0000000000000000       0x7b
 .comment       0x0000000000000000       0x7b Core/Src/main.o
                                         0x7c (size before relaxing)
 .comment       0x000000000000007b       0x7c Core/Src/stm32f4xx_hal_msp.o
 .comment       0x000000000000007b       0x7c Core/Src/stm32f4xx_it.o
 .comment       0x000000000000007b       0x7c Core/Src/system_stm32f4xx.o
 .comment       0x000000000000007b       0x7c Drivers/STM32F4xx_HAL_Driver/Src/stm32f4xx_hal.o
 .comment       0x000000000000007b       0x7c Drivers/STM32F4xx_HAL_Driver/Src/stm32f4xx_hal_cortex.o
 .comment       0x000000000000007b       0x7c Drivers/STM32F4xx_HAL_Driver/Src/stm32f4xx_hal_gpio.o
 .comment       0x000000000000007b       0x7c Drivers/STM32F4xx_HAL_Driver/Src/stm32f4xx_hal_pcd.o
 .comment       0x000000000000007b       0x7c Drivers/STM32F4xx_HAL_Driver/Src/stm32f4xx_hal_pcd_ex.o
 .comment       0x000000000000007b       0x7c Drivers/STM32F4xx_HAL_Driver/Src/stm32f4xx_hal_rcc.o
 .comment       0x000000000000007b       0x7c Drivers/STM32F4xx_HAL_Driver/Src/stm32f4xx_hal_rcc_ex.o
 .comment       0x000000000000007b       0x7c Drivers/STM32F4xx_HAL_Driver/Src/stm32f4xx_hal_uart.o
 .comment       0x000000000000007b       0x7c Drivers/STM32F4xx_HAL_Driver/Src/stm32f4xx_ll_usb.o

.debug_frame    0x0000000000000000     0x2a58
 .debug_frame   0x0000000000000000      0x208 Core/Src/main.o
 .debug_frame   0x0000000000000208       0xc8 Core/Src/stm32f4xx_hal_msp.o
 .debug_frame   0x00000000000002d0      0x10c Core/Src/stm32f4xx_it.o
 .debug_frame   0x00000000000003dc       0x58 Core/Src/system_stm32f4xx.o
 .debug_frame   0x0000000000000434      0x374 Drivers/STM32F4xx_HAL_Driver/Src/stm32f4xx_hal.o
 .debug_frame   0x00000000000007a8      0x498 Drivers/STM32F4xx_HAL_Driver/Src/stm32f4xx_hal_cortex.o
 .debug_frame   0x0000000000000c40      0x14c Drivers/STM32F4xx_HAL_Driver/Src/stm32f4xx_hal_gpio.o
 .debug_frame   0x0000000000000d8c      0x574 Drivers/STM32F4xx_HAL_Driver/Src/stm32f4xx_hal_pcd.o
 .debug_frame   0x0000000000001300      0x174 Drivers/STM32F4xx_HAL_Driver/Src/stm32f4xx_hal_pcd_ex.o
 .debug_frame   0x0000000000001474      0x1f0 Drivers/STM32F4xx_HAL_Driver/Src/stm32f4xx_hal_rcc.o
 .debug_frame   0x0000000000001664      0x16c Drivers/STM32F4xx_HAL_Driver/Src/stm32f4xx_hal_rcc_ex.o
 .debug_frame   0x00000000000017d0      0x844 Drivers/STM32F4xx_HAL_Driver/Src/stm32f4xx_hal_uart.o
 .debug_frame   0x0000000000002014      0x798 Drivers/STM32F4xx_HAL_Driver/Src/stm32f4xx_ll_usb.o
 .debug_frame   0x00000000000027ac       0x2c c:/st/stm32cubeide_1.1.0/stm32cubeide/plugins/com.st.stm32cube.ide.mcu.externaltools.gnu-tools-for-stm32.7-2018-q2-update.win32_1.0.0.201904181610/tools/bin/../lib/gcc/arm-none-eabi/7.3.1/../../../../arm-none-eabi/lib/thumb/v7e-m/fpv4-sp/hard\libc_nano.a(lib_a-init.o)
 .debug_frame   0x00000000000027d8       0x20 c:/st/stm32cubeide_1.1.0/stm32cubeide/plugins/com.st.stm32cube.ide.mcu.externaltools.gnu-tools-for-stm32.7-2018-q2-update.win32_1.0.0.201904181610/tools/bin/../lib/gcc/arm-none-eabi/7.3.1/../../../../arm-none-eabi/lib/thumb/v7e-m/fpv4-sp/hard\libc_nano.a(lib_a-memset.o)
 .debug_frame   0x00000000000027f8       0xac c:/st/stm32cubeide_1.1.0/stm32cubeide/plugins/com.st.stm32cube.ide.mcu.externaltools.gnu-tools-for-stm32.7-2018-q2-update.win32_1.0.0.201904181610/tools/bin/../lib/gcc/arm-none-eabi/7.3.1/thumb/v7e-m/fpv4-sp/hard\libgcc.a(_arm_addsubdf3.o)
 .debug_frame   0x00000000000028a4       0x50 c:/st/stm32cubeide_1.1.0/stm32cubeide/plugins/com.st.stm32cube.ide.mcu.externaltools.gnu-tools-for-stm32.7-2018-q2-update.win32_1.0.0.201904181610/tools/bin/../lib/gcc/arm-none-eabi/7.3.1/thumb/v7e-m/fpv4-sp/hard\libgcc.a(_arm_muldivdf3.o)
 .debug_frame   0x00000000000028f4       0x2c c:/st/stm32cubeide_1.1.0/stm32cubeide/plugins/com.st.stm32cube.ide.mcu.externaltools.gnu-tools-for-stm32.7-2018-q2-update.win32_1.0.0.201904181610/tools/bin/../lib/gcc/arm-none-eabi/7.3.1/thumb/v7e-m/fpv4-sp/hard\libgcc.a(_aeabi_uldivmod.o)
 .debug_frame   0x0000000000002920       0x40 c:/st/stm32cubeide_1.1.0/stm32cubeide/plugins/com.st.stm32cube.ide.mcu.externaltools.gnu-tools-for-stm32.7-2018-q2-update.win32_1.0.0.201904181610/tools/bin/../lib/gcc/arm-none-eabi/7.3.1/thumb/v7e-m/fpv4-sp/hard\libgcc.a(_divdc3.o)
 .debug_frame   0x0000000000002960       0x34 c:/st/stm32cubeide_1.1.0/stm32cubeide/plugins/com.st.stm32cube.ide.mcu.externaltools.gnu-tools-for-stm32.7-2018-q2-update.win32_1.0.0.201904181610/tools/bin/../lib/gcc/arm-none-eabi/7.3.1/thumb/v7e-m/fpv4-sp/hard\libgcc.a(_udivmoddi4.o)
 .debug_frame   0x0000000000002994       0xc4 c:/st/stm32cubeide_1.1.0/stm32cubeide/plugins/com.st.stm32cube.ide.mcu.externaltools.gnu-tools-for-stm32.7-2018-q2-update.win32_1.0.0.201904181610/tools/bin/../lib/gcc/arm-none-eabi/7.3.1/thumb/v7e-m/fpv4-sp/hard\libgcc.a(_arm_cmpdf2.o)
