main.c:88:14:StartHandler	16	static
main.c:93:14:MenuHandler	16	static
main.c:119:14:AffHandler	24	static
main.c:131:14:RegHandler	16	static
main.c:145:14:Reg_FreqHandler	16	static
main.c:161:14:Autres_RegHandler	16	static
main.c:169:14:Choix_Calib_ConfirmHandler	16	static
main.c:209:5:main	16	static
main.c:332:6:SystemClock_Config	152	static
main.c:383:13:MX_USART3_UART_Init	8	static
main.c:416:13:MX_USB_OTG_FS_PCD_Init	8	static
main.c:452:13:MX_GPIO_Init	56	static
main.c:506:14:Read_Event	8	static
main.c:535:6:Error_Handler	4	static
